Archive member included to satisfy reference by file (symbol)

C:/ST/STM32CubeIDE_1.15.1/STM32CubeIDE/plugins/com.st.stm32cube.ide.mcu.externaltools.gnu-tools-for-stm32.13.3.rel1.win32_1.0.0.202411081344/tools/bin/../lib/gcc/arm-none-eabi/13.3.1/../../../../arm-none-eabi/lib/thumb/v7-m/nofp\libc_nano.a(libc_a-exit.o)
                              C:/ST/STM32CubeIDE_1.15.1/STM32CubeIDE/plugins/com.st.stm32cube.ide.mcu.externaltools.gnu-tools-for-stm32.13.3.rel1.win32_1.0.0.202411081344/tools/bin/../lib/gcc/arm-none-eabi/13.3.1/../../../../arm-none-eabi/lib/thumb/v7-m/nofp/crt0.o (exit)
C:/ST/STM32CubeIDE_1.15.1/STM32CubeIDE/plugins/com.st.stm32cube.ide.mcu.externaltools.gnu-tools-for-stm32.13.3.rel1.win32_1.0.0.202411081344/tools/bin/../lib/gcc/arm-none-eabi/13.3.1/../../../../arm-none-eabi/lib/thumb/v7-m/nofp\libc_nano.a(libc_a-findfp.o)
                              C:/ST/STM32CubeIDE_1.15.1/STM32CubeIDE/plugins/com.st.stm32cube.ide.mcu.externaltools.gnu-tools-for-stm32.13.3.rel1.win32_1.0.0.202411081344/tools/bin/../lib/gcc/arm-none-eabi/13.3.1/../../../../arm-none-eabi/lib/thumb/v7-m/nofp\libc_nano.a(libc_a-exit.o) (__stdio_exit_handler)
C:/ST/STM32CubeIDE_1.15.1/STM32CubeIDE/plugins/com.st.stm32cube.ide.mcu.externaltools.gnu-tools-for-stm32.13.3.rel1.win32_1.0.0.202411081344/tools/bin/../lib/gcc/arm-none-eabi/13.3.1/../../../../arm-none-eabi/lib/thumb/v7-m/nofp\libc_nano.a(libc_a-fwalk.o)
                              C:/ST/STM32CubeIDE_1.15.1/STM32CubeIDE/plugins/com.st.stm32cube.ide.mcu.externaltools.gnu-tools-for-stm32.13.3.rel1.win32_1.0.0.202411081344/tools/bin/../lib/gcc/arm-none-eabi/13.3.1/../../../../arm-none-eabi/lib/thumb/v7-m/nofp\libc_nano.a(libc_a-findfp.o) (_fwalk_sglue)
C:/ST/STM32CubeIDE_1.15.1/STM32CubeIDE/plugins/com.st.stm32cube.ide.mcu.externaltools.gnu-tools-for-stm32.13.3.rel1.win32_1.0.0.202411081344/tools/bin/../lib/gcc/arm-none-eabi/13.3.1/../../../../arm-none-eabi/lib/thumb/v7-m/nofp\libc_nano.a(libc_a-stdio.o)
                              C:/ST/STM32CubeIDE_1.15.1/STM32CubeIDE/plugins/com.st.stm32cube.ide.mcu.externaltools.gnu-tools-for-stm32.13.3.rel1.win32_1.0.0.202411081344/tools/bin/../lib/gcc/arm-none-eabi/13.3.1/../../../../arm-none-eabi/lib/thumb/v7-m/nofp\libc_nano.a(libc_a-findfp.o) (__sread)
C:/ST/STM32CubeIDE_1.15.1/STM32CubeIDE/plugins/com.st.stm32cube.ide.mcu.externaltools.gnu-tools-for-stm32.13.3.rel1.win32_1.0.0.202411081344/tools/bin/../lib/gcc/arm-none-eabi/13.3.1/../../../../arm-none-eabi/lib/thumb/v7-m/nofp\libc_nano.a(libc_a-memset.o)
                              C:/ST/STM32CubeIDE_1.15.1/STM32CubeIDE/plugins/com.st.stm32cube.ide.mcu.externaltools.gnu-tools-for-stm32.13.3.rel1.win32_1.0.0.202411081344/tools/bin/../lib/gcc/arm-none-eabi/13.3.1/../../../../arm-none-eabi/lib/thumb/v7-m/nofp/crt0.o (memset)
C:/ST/STM32CubeIDE_1.15.1/STM32CubeIDE/plugins/com.st.stm32cube.ide.mcu.externaltools.gnu-tools-for-stm32.13.3.rel1.win32_1.0.0.202411081344/tools/bin/../lib/gcc/arm-none-eabi/13.3.1/../../../../arm-none-eabi/lib/thumb/v7-m/nofp\libc_nano.a(libc_a-closer.o)
                              C:/ST/STM32CubeIDE_1.15.1/STM32CubeIDE/plugins/com.st.stm32cube.ide.mcu.externaltools.gnu-tools-for-stm32.13.3.rel1.win32_1.0.0.202411081344/tools/bin/../lib/gcc/arm-none-eabi/13.3.1/../../../../arm-none-eabi/lib/thumb/v7-m/nofp\libc_nano.a(libc_a-stdio.o) (_close_r)
C:/ST/STM32CubeIDE_1.15.1/STM32CubeIDE/plugins/com.st.stm32cube.ide.mcu.externaltools.gnu-tools-for-stm32.13.3.rel1.win32_1.0.0.202411081344/tools/bin/../lib/gcc/arm-none-eabi/13.3.1/../../../../arm-none-eabi/lib/thumb/v7-m/nofp\libc_nano.a(libc_a-reent.o)
                              C:/ST/STM32CubeIDE_1.15.1/STM32CubeIDE/plugins/com.st.stm32cube.ide.mcu.externaltools.gnu-tools-for-stm32.13.3.rel1.win32_1.0.0.202411081344/tools/bin/../lib/gcc/arm-none-eabi/13.3.1/../../../../arm-none-eabi/lib/thumb/v7-m/nofp\libc_nano.a(libc_a-closer.o) (errno)
C:/ST/STM32CubeIDE_1.15.1/STM32CubeIDE/plugins/com.st.stm32cube.ide.mcu.externaltools.gnu-tools-for-stm32.13.3.rel1.win32_1.0.0.202411081344/tools/bin/../lib/gcc/arm-none-eabi/13.3.1/../../../../arm-none-eabi/lib/thumb/v7-m/nofp\libc_nano.a(libc_a-impure.o)
                              C:/ST/STM32CubeIDE_1.15.1/STM32CubeIDE/plugins/com.st.stm32cube.ide.mcu.externaltools.gnu-tools-for-stm32.13.3.rel1.win32_1.0.0.202411081344/tools/bin/../lib/gcc/arm-none-eabi/13.3.1/../../../../arm-none-eabi/lib/thumb/v7-m/nofp\libc_nano.a(libc_a-reent.o) (_impure_ptr)
C:/ST/STM32CubeIDE_1.15.1/STM32CubeIDE/plugins/com.st.stm32cube.ide.mcu.externaltools.gnu-tools-for-stm32.13.3.rel1.win32_1.0.0.202411081344/tools/bin/../lib/gcc/arm-none-eabi/13.3.1/../../../../arm-none-eabi/lib/thumb/v7-m/nofp\libc_nano.a(libc_a-lseekr.o)
[...]
Memory Configuration

Name             Origin             Length             Attributes
RAM              0x20000000         0x00001000         xrw
FLASH            0x08000000         0x00008000         xr
*default*        0x00000000         0xffffffff

Linker script and memory map

LOAD C:/ST/STM32CubeIDE_1.15.1/STM32CubeIDE/plugins/com.st.stm32cube.ide.mcu.externaltools.gnu-tools-for-stm32.13.3.rel1.win32_1.0.0.202411081344/tools/bin/../lib/gcc/arm-none-eabi/13.3.1/thumb/v7-m/nofp/crti.o
LOAD C:/ST/STM32CubeIDE_1.15.1/STM32CubeIDE/plugins/com.st.stm32cube.ide.mcu.externaltools.gnu-tools-for-stm32.13.3.rel1.win32_1.0.0.202411081344/tools/bin/../lib/gcc/arm-none-eabi/13.3.1/thumb/v7-m/nofp/crtbegin.o
LOAD C:/ST/STM32CubeIDE_1.15.1/STM32CubeIDE/plugins/com.st.stm32cube.ide.mcu.externaltools.gnu-tools-for-stm32.13.3.rel1.win32_1.0.0.202411081344/tools/bin/../lib/gcc/arm-none-eabi/13.3.1/../../../../arm-none-eabi/lib/thumb/v7-m/nofp/crt0.o
LOAD ./Core/Src/adc.o
LOAD ./Core/Src/lcd.o
LOAD ./Core/Src/lcdMenu.o
LOAD ./Core/Src/main.o
LOAD ./Core/Src/out_control.o
LOAD ./Core/Src/stm32f1xx_hal_msp.o
LOAD ./Core/Src/stm32f1xx_it.o
LOAD ./Core/Src/syscalls.o
LOAD ./Core/Src/sysmem.o
LOAD ./Core/Src/system_stm32f1xx.o
LOAD ./Core/Startup/startup_stm32f100c6tx.o
LOAD ./Drivers/STM32F1xx_HAL_Driver/Src/stm32f1xx_hal.o
LOAD ./Drivers/STM32F1xx_HAL_Driver/Src/stm32f1xx_hal_cortex.o
LOAD ./Drivers/STM32F1xx_HAL_Driver/Src/stm32f1xx_hal_dac.o
LOAD ./Drivers/STM32F1xx_HAL_Driver/Src/stm32f1xx_hal_dac_ex.o
LOAD ./Drivers/STM32F1xx_HAL_Driver/Src/stm32f1xx_hal_dma.o
LOAD ./Drivers/STM32F1xx_HAL_Driver/Src/stm32f1xx_hal_exti.o
LOAD ./Drivers/STM32F1xx_HAL_Driver/Src/stm32f1xx_hal_flash.o
LOAD ./Drivers/STM32F1xx_HAL_Driver/Src/stm32f1xx_hal_flash_ex.o
LOAD ./Drivers/STM32F1xx_HAL_Driver/Src/stm32f1xx_hal_gpio.o
LOAD ./Drivers/STM32F1xx_HAL_Driver/Src/stm32f1xx_hal_gpio_ex.o
LOAD ./Drivers/STM32F1xx_HAL_Driver/Src/stm32f1xx_hal_i2c.o
LOAD ./Drivers/STM32F1xx_HAL_Driver/Src/stm32f1xx_hal_pwr.o
LOAD ./Drivers/STM32F1xx_HAL_Driver/Src/stm32f1xx_hal_rcc.o
LOAD ./Drivers/STM32F1xx_HAL_Driver/Src/stm32f1xx_hal_rcc_ex.o
LOAD ./Drivers/STM32F1xx_HAL_Driver/Src/stm32f1xx_hal_tim.o
LOAD ./Drivers/STM32F1xx_HAL_Driver/Src/stm32f1xx_hal_tim_ex.o
LOAD ./Drivers/STM32F1xx_HAL_Driver/Src/stm32f1xx_hal_uart.o
LOAD ./Drivers/STM32F1xx_HAL_Driver/Src/stm32f1xx_ll_adc.o
LOAD ./Drivers/STM32F1xx_HAL_Driver/Src/stm32f1xx_ll_dma.o
LOAD ./Drivers/STM32F1xx_HAL_Driver/Src/stm32f1xx_ll_exti.o
LOAD ./Drivers/STM32F1xx_HAL_Driver/Src/stm32f1xx_ll_gpio.o
LOAD ./Drivers/STM32F1xx_HAL_Driver/Src/stm32f1xx_ll_rcc.o
LOAD ./Drivers/STM32F1xx_HAL_Driver/Src/stm32f1xx_ll_utils.o
LOAD ../Middlewares/ST/ARM/DSP/Lib\libarm_cortexM3l_math.a
START GROUP
LOAD C:/ST/STM32CubeIDE_1.15.1/STM32CubeIDE/plugins/com.st.stm32cube.ide.mcu.externaltools.gnu-tools-for-stm32.13.3.rel1.win32_1.0.0.202411081344/tools/bin/../lib/gcc/arm-none-eabi/13.3.1/../../../../arm-none-eabi/lib/thumb/v7-m/nofp\libc_nano.a
LOAD C:/ST/STM32CubeIDE_1.15.1/STM32CubeIDE/plugins/com.st.stm32cube.ide.mcu.externaltools.gnu-tools-for-stm32.13.3.rel1.win32_1.0.0.202411081344/tools/bin/../lib/gcc/arm-none-eabi/13.3.1/../../../../arm-none-eabi/lib/thumb/v7-m/nofp\libm.a
END GROUP
START GROUP
LOAD C:/ST/STM32CubeIDE_1.15.1/STM32CubeIDE/plugins/com.st.stm32cube.ide.mcu.externaltools.gnu-tools-for-stm32.13.3.rel1.win32_1.0.0.202411081344/tools/bin/../lib/gcc/arm-none-eabi/13.3.1/thumb/v7-m/nofp\libgcc.a
LOAD C:/ST/STM32CubeIDE_1.15.1/STM32CubeIDE/plugins/com.st.stm32cube.ide.mcu.externaltools.gnu-tools-for-stm32.13.3.rel1.win32_1.0.0.202411081344/tools/bin/../lib/gcc/arm-none-eabi/13.3.1/../../../../arm-none-eabi/lib/thumb/v7-m/nofp\libc_nano.a
END GROUP
START GROUP
LOAD C:/ST/STM32CubeIDE_1.15.1/STM32CubeIDE/plugins/com.st.stm32cube.ide.mcu.externaltools.gnu-tools-for-stm32.13.3.rel1.win32_1.0.0.202411081344/tools/bin/../lib/gcc/arm-none-eabi/13.3.1/thumb/v7-m/nofp\libgcc.a
LOAD C:/ST/STM32CubeIDE_1.15.1/STM32CubeIDE/plugins/com.st.stm32cube.ide.mcu.externaltools.gnu-tools-for-stm32.13.3.rel1.win32_1.0.0.202411081344/tools/bin/../lib/gcc/arm-none-eabi/13.3.1/../../../../arm-none-eabi/lib/thumb/v7-m/nofp\libc_nano.a
LOAD C:/ST/STM32CubeIDE_1.15.1/STM32CubeIDE/plugins/com.st.stm32cube.ide.mcu.externaltools.gnu-tools-for-stm32.13.3.rel1.win32_1.0.0.202411081344/tools/bin/../lib/gcc/arm-none-eabi/13.3.1/../../../../arm-none-eabi/lib/thumb/v7-m/nofp\libnosys.a
END GROUP
START GROUP
LOAD C:/ST/STM32CubeIDE_1.15.1/STM32CubeIDE/plugins/com.st.stm32cube.ide.mcu.externaltools.gnu-tools-for-stm32.13.3.rel1.win32_1.0.0.202411081344/tools/bin/../lib/gcc/arm-none-eabi/13.3.1/thumb/v7-m/nofp\libgcc.a
LOAD C:/ST/STM32CubeIDE_1.15.1/STM32CubeIDE/plugins/com.st.stm32cube.ide.mcu.externaltools.gnu-tools-for-stm32.13.3.rel1.win32_1.0.0.202411081344/tools/bin/../lib/gcc/arm-none-eabi/13.3.1/../../../../arm-none-eabi/lib/thumb/v7-m/nofp\libc_nano.a
LOAD C:/ST/STM32CubeIDE_1.15.1/STM32CubeIDE/plugins/com.st.stm32cube.ide.mcu.externaltools.gnu-tools-for-stm32.13.3.rel1.win32_1.0.0.202411081344/tools/bin/../lib/gcc/arm-none-eabi/13.3.1/../../../../arm-none-eabi/lib/thumb/v7-m/nofp\libnosys.a
END GROUP
LOAD C:/ST/STM32CubeIDE_1.15.1/STM32CubeIDE/plugins/com.st.stm32cube.ide.mcu.externaltools.gnu-tools-for-stm32.13.3.rel1.win32_1.0.0.202411081344/tools/bin/../lib/gcc/arm-none-eabi/13.3.1/thumb/v7-m/nofp/crtend.o
LOAD C:/ST/STM32CubeIDE_1.15.1/STM32CubeIDE/plugins/com.st.stm32cube.ide.mcu.externaltools.gnu-tools-for-stm32.13.3.rel1.win32_1.0.0.202411081344/tools/bin/../lib/gcc/arm-none-eabi/13.3.1/thumb/v7-m/nofp/crtn.o
                0x20001000                        _estack = (ORIGIN (RAM) + LENGTH (RAM))
                0x00000200                        _Min_Heap_Size = 0x200
                0x00000400                        _Min_Stack_Size = 0x400

.isr_vector     0x08000000      0x1d0
                0x08000000                        . = ALIGN (0x4)
 *(.isr_vector)
 .isr_vector    0x08000000      0x1d0 ./Core/Startup/startup_stm32f100c6tx.o
                0x08000000                g_pfnVectors
                0x080001d0                        . = ALIGN (0x4)

.text           0x080001d0     0x5b6c
                0x080001d0                        . = ALIGN (0x4)
 *(.text)
 .text          0x080001d0       0x40 C:/ST/STM32CubeIDE_1.15.1/STM32CubeIDE/plugins/com.st.stm32cube.ide.mcu.externaltools.gnu-tools-for-stm32.13.3.rel1.win32_1.0.0.202411081344/tools/bin/../lib/gcc/arm-none-eabi/13.3.1/thumb/v7-m/nofp/crtbegin.o
 .text          0x08000210      0x378 C:/ST/STM32CubeIDE_1.15.1/STM32CubeIDE/plugins/com.st.stm32cube.ide.mcu.externaltools.gnu-tools-for-stm32.13.3.rel1.win32_1.0.0.202411081344/tools/bin/../lib/gcc/arm-none-eabi/13.3.1/thumb/v7-m/nofp\libgcc.a(_arm_addsubdf3.o)
                0x08000210                __aeabi_drsub
                0x08000218                __aeabi_dsub
                0x08000218                __subdf3
                0x0800021c                __aeabi_dadd
                0x0800021c                __adddf3
                0x08000494                __floatunsidf
                0x08000494                __aeabi_ui2d
                0x080004b4                __floatsidf
                0x080004b4                __aeabi_i2d
                0x080004d8                __aeabi_f2d
                0x080004d8                __extendsfdf2
                0x0800051c                __floatundidf
                0x0800051c                __aeabi_ul2d
                0x0800052c                __floatdidf
                0x0800052c                __aeabi_l2d
 .text          0x08000588      0x424 C:/ST/STM32CubeIDE_1.15.1/STM32CubeIDE/plugins/com.st.stm32cube.ide.mcu.externaltools.gnu-tools-for-stm32.13.3.rel1.win32_1.0.0.202411081344/tools/bin/../lib/gcc/arm-none-eabi/13.3.1/thumb/v7-m/nofp\libgcc.a(_arm_muldivdf3.o)
                0x08000588                __aeabi_dmul
                0x08000588                __muldf3
                0x080007dc                __divdf3
                0x080007dc                __aeabi_ddiv
 .text          0x080009ac      0x110 C:/ST/STM32CubeIDE_1.15.1/STM32CubeIDE/plugins/com.st.stm32cube.ide.mcu.externaltools.gnu-tools-for-stm32.13.3.rel1.win32_1.0.0.202411081344/tools/bin/../lib/gcc/arm-none-eabi/13.3.1/thumb/v7-m/nofp\libgcc.a(_arm_cmpdf2.o)
                0x080009ac                __gtdf2
                0x080009ac                __gedf2
                0x080009b4                __ltdf2
                0x080009b4                __ledf2
                0x080009bc                __nedf2
                0x080009bc                __eqdf2
                0x080009bc                __cmpdf2
                0x08000a38                __aeabi_cdrcmple
                0x08000a48                __aeabi_cdcmpeq
                0x08000a48                __aeabi_cdcmple
                0x08000a58                __aeabi_dcmpeq
                0x08000a6c                __aeabi_dcmplt
                0x08000a80                __aeabi_dcmple
                0x08000a94                __aeabi_dcmpge
                0x08000aa8                __aeabi_dcmpgt
 .text          0x08000abc       0x2c C:/ST/STM32CubeIDE_1.15.1/STM32CubeIDE/plugins/com.st.stm32cube.ide.mcu.externaltools.gnu-tools-for-stm32.13.3.rel1.win32_1.0.0.202411081344/tools/bin/../lib/gcc/arm-none-eabi/13.3.1/thumb/v7-m/nofp\libgcc.a(_arm_unorddf2.o)
                0x08000abc                __unorddf2
                0x08000abc                __aeabi_dcmpun
 .text          0x08000ae8       0x40 C:/ST/STM32CubeIDE_1.15.1/STM32CubeIDE/plugins/com.st.stm32cube.ide.mcu.externaltools.gnu-tools-for-stm32.13.3.rel1.win32_1.0.0.202411081344/tools/bin/../lib/gcc/arm-none-eabi/13.3.1/thumb/v7-m/nofp\libgcc.a(_arm_fixunsdfsi.o)
                0x08000ae8                __aeabi_d2uiz
                0x08000ae8                __fixunsdfsi
 *(.text*)
 .text.adc_init
                0x08000b28       0xf8 ./Core/Src/adc.o
                0x08000b28                adc_init
 .text.calculationTemp
                0x08000c20       0x78 ./Core/Src/adc.o
                0x08000c20                calculationTemp
 .text.lcd_delay_us
                0x08000c98       0x4c ./Core/Src/lcd.o
 .text.lcd_write4
                0x08000ce4       0x6e ./Core/Src/lcd.o
 .text.lcd_send
                0x08000d52       0x28 ./Core/Src/lcd.o
 .text.LCD_Backlight
                0x08000d7a       0x1a ./Core/Src/lcd.o
                0x08000d7a                LCD_Backlight
 .text.LCD_Init
                0x08000d94       0x7e ./Core/Src/lcd.o
                0x08000d94                LCD_Init
 .text.LCD_Clear
                0x08000e12       0x12 ./Core/Src/lcd.o
                0x08000e12                LCD_Clear
 .text.LCD_SetCursor
                0x08000e24       0x22 ./Core/Src/lcd.o
                0x08000e24                LCD_SetCursor
 .text.LCD_WriteChar
                0x08000e46        0xa ./Core/Src/lcd.o
                0x08000e46                LCD_WriteChar
 .text.LCD_Print
                0x08000e50       0x1a ./Core/Src/lcd.o
                0x08000e50                LCD_Print
 .text.LCD_PrintUInt16
                0x08000e6a       0xd8 ./Core/Src/lcd.o
                0x08000e6a                LCD_PrintUInt16
 .text.LCD_PrintUInt16_1dp
                0x08000f42       0x30 ./Core/Src/lcd.o
                0x08000f42                LCD_PrintUInt16_1dp
 .text.ui_assign_language
                0x08000f72       0xf6 ./Core/Src/lcdMenu.o
 .text.lcd_menu_set_language
                0x08001068       0x1c ./Core/Src/lcdMenu.o
                0x08001068                lcd_menu_set_language
 .text.lcd_handle
                0x08001084     0x134c ./Core/Src/lcdMenu.o
                0x08001084                lcd_handle
 .text.button_handle
                0x080023d0      0xd30 ./Core/Src/lcdMenu.o
                0x080023d0                button_handle
 .text.NVIC_EncodePriority
                0x08003100       0x34 ./Core/Src/main.o
 .text.LL_ADC_SetChannelSamplingTime
                0x08003134       0x50 ./Core/Src/main.o
 .text.SystemClock_Config
                0x08003184       0x78 ./Core/Src/main.o
                0x08003184                SystemClock_Config
 .text.main     0x080031fc      0x850 ./Core/Src/main.o
                0x080031fc                main
 .text.PID_Compute
                0x08003a4c       0x66 ./Core/Src/out_control.o
                0x08003a4c                PID_Compute
 .text.outCalculation
                0x08003ab2      0x188 ./Core/Src/out_control.o
                0x08003ab2                outCalculation
 .text.HAL_MspInit
                0x08003c3a       0x58 ./Core/Src/stm32f1xx_hal_msp.o
                0x08003c3a                HAL_MspInit
 .text.HAL_DAC_MspInit
                0x08003c92       0x66 ./Core/Src/stm32f1xx_hal_msp.o
                0x08003c92                HAL_DAC_MspInit
 .text.HAL_I2C_MspInit
                0x08003cf8       0x7c ./Core/Src/stm32f1xx_hal_msp.o
                0x08003cf8                HAL_I2C_MspInit
 .text.HAL_TIM_Base_MspInit
                0x08003d74       0x7c ./Core/Src/stm32f1xx_hal_msp.o
                0x08003d74                HAL_TIM_Base_MspInit
 .text.HAL_UART_MspInit
                0x08003df0       0x8e ./Core/Src/stm32f1xx_hal_msp.o
                0x08003df0                HAL_UART_MspInit
 .text.NMI_Handler
                0x08003e7e        0x8 ./Core/Src/stm32f1xx_it.o
                0x08003e7e                NMI_Handler
 .text.HardFault_Handler
                0x08003e86        0x2 ./Core/Src/stm32f1xx_it.o
                0x08003e86                HardFault_Handler
 .text.MemManage_Handler
                0x08003e88        0x2 ./Core/Src/stm32f1xx_it.o
                0x08003e88                MemManage_Handler
 .text.BusFault_Handler
                0x08003e8a        0x2 ./Core/Src/stm32f1xx_it.o
                0x08003e8a                BusFault_Handler
 .text.UsageFault_Handler
                0x08003e8c        0x2 ./Core/Src/stm32f1xx_it.o
                0x08003e8c                UsageFault_Handler
 .text.SVC_Handler
                0x08003e8e        0x2 ./Core/Src/stm32f1xx_it.o
                0x08003e8e                SVC_Handler
 .text.DebugMon_Handler
                0x08003e90        0x2 ./Core/Src/stm32f1xx_it.o
                0x08003e90                DebugMon_Handler
 .text.PendSV_Handler
                0x08003e92        0x2 ./Core/Src/stm32f1xx_it.o
                0x08003e92                PendSV_Handler
 .text.SysTick_Handler
                0x08003e94        0x8 ./Core/Src/stm32f1xx_it.o
                0x08003e94                SysTick_Handler
 .text.RCC_IRQHandler
                0x08003e9c        0x2 ./Core/Src/stm32f1xx_it.o
                0x08003e9c                RCC_IRQHandler
 .text.EXTI2_IRQHandler
                0x08003e9e       0x74 ./Core/Src/stm32f1xx_it.o
                0x08003e9e                EXTI2_IRQHandler
 .text.DMA1_Channel1_IRQHandler
                0x08003f12      0x1d8 ./Core/Src/stm32f1xx_it.o
                0x08003f12                DMA1_Channel1_IRQHandler
 .text.ADC1_IRQHandler
                0x080040ea        0x2 ./Core/Src/stm32f1xx_it.o
                0x080040ea                ADC1_IRQHandler
 .text.TIM3_IRQHandler
                0x080040ec       0x10 ./Core/Src/stm32f1xx_it.o
                0x080040ec                TIM3_IRQHandler
 .text.EXTI15_10_IRQHandler
                0x080040fc       0x96 ./Core/Src/stm32f1xx_it.o
                0x080040fc                EXTI15_10_IRQHandler
 .text.TIM7_IRQHandler
                0x08004192       0x22 ./Core/Src/stm32f1xx_it.o
                0x08004192                TIM7_IRQHandler
 .text.SystemInit
                0x080041b4        0x2 ./Core/Src/system_stm32f1xx.o
                0x080041b4                SystemInit
 *fill*         0x080041b6        0x2 
 .text.Reset_Handler
                0x080041b8       0x48 ./Core/Startup/startup_stm32f100c6tx.o
                0x080041b8                Reset_Handler
 .text.Default_Handler
                0x08004200        0x2 ./Core/Startup/startup_stm32f100c6tx.o
                0x08004200                RTC_Alarm_IRQHandler
                0x08004200                TIM1_CC_IRQHandler
                0x08004200                PVD_IRQHandler
                0x08004200                EXTI3_IRQHandler
                0x08004200                EXTI0_IRQHandler
                0x08004200                TIM1_UP_TIM16_IRQHandler
                0x08004200                SPI1_IRQHandler
                0x08004200                TAMPER_IRQHandler
                0x08004200                TIM6_DAC_IRQHandler
                0x08004200                DMA1_Channel4_IRQHandler
                0x08004200                USART3_IRQHandler
                0x08004200                RTC_IRQHandler
                0x08004200                DMA1_Channel7_IRQHandler
                0x08004200                TIM4_IRQHandler
                0x08004200                I2C1_EV_IRQHandler
                0x08004200                DMA1_Channel6_IRQHandler
                0x08004200                Default_Handler
                0x08004200                CEC_IRQHandler
                0x08004200                EXTI9_5_IRQHandler
                0x08004200                SPI2_IRQHandler
                0x08004200                DMA1_Channel5_IRQHandler
                0x08004200                EXTI4_IRQHandler
                0x08004200                TIM1_TRG_COM_TIM17_IRQHandler
                0x08004200                DMA1_Channel3_IRQHandler
                0x08004200                WWDG_IRQHandler
                0x08004200                TIM2_IRQHandler
                0x08004200                EXTI1_IRQHandler
                0x08004200                USART2_IRQHandler
                0x08004200                DMA1_Channel2_IRQHandler
                0x08004200                FLASH_IRQHandler
                0x08004200                USART1_IRQHandler
                0x08004200                I2C1_ER_IRQHandler
                0x08004200                TIM1_BRK_TIM15_IRQHandler
 .text.HAL_InitTick
                0x08004202       0x50 ./Drivers/STM32F1xx_HAL_Driver/Src/stm32f1xx_hal.o
                0x08004202                HAL_InitTick
 .text.HAL_Init
                0x08004252       0x16 ./Drivers/STM32F1xx_HAL_Driver/Src/stm32f1xx_hal.o
                0x08004252                HAL_Init
 .text.HAL_IncTick
                0x08004268       0x1a ./Drivers/STM32F1xx_HAL_Driver/Src/stm32f1xx_hal.o
                0x08004268                HAL_IncTick
 .text.HAL_GetTick
                0x08004282        0xc ./Drivers/STM32F1xx_HAL_Driver/Src/stm32f1xx_hal.o
                0x08004282                HAL_GetTick
 .text.HAL_Delay
                0x0800428e       0x28 ./Drivers/STM32F1xx_HAL_Driver/Src/stm32f1xx_hal.o
                0x0800428e                HAL_Delay
 .text.HAL_NVIC_SetPriorityGrouping
                0x080042b6       0x26 ./Drivers/STM32F1xx_HAL_Driver/Src/stm32f1xx_hal_cortex.o
                0x080042b6                HAL_NVIC_SetPriorityGrouping
 .text.HAL_NVIC_SetPriority
                0x080042dc       0x72 ./Drivers/STM32F1xx_HAL_Driver/Src/stm32f1xx_hal_cortex.o
                0x080042dc                HAL_NVIC_SetPriority
 .text.HAL_NVIC_EnableIRQ
                0x0800434e       0x1c ./Drivers/STM32F1xx_HAL_Driver/Src/stm32f1xx_hal_cortex.o
                0x0800434e                HAL_NVIC_EnableIRQ
 .text.HAL_SYSTICK_Config
                0x0800436a       0x2a ./Drivers/STM32F1xx_HAL_Driver/Src/stm32f1xx_hal_cortex.o
                0x0800436a                HAL_SYSTICK_Config
 .text.HAL_DAC_Init
                0x08004394       0x24 ./Drivers/STM32F1xx_HAL_Driver/Src/stm32f1xx_hal_dac.o
                0x08004394                HAL_DAC_Init
 .text.HAL_DAC_Start
                0x080043b8       0x6c ./Drivers/STM32F1xx_HAL_Driver/Src/stm32f1xx_hal_dac.o
                0x080043b8                HAL_DAC_Start
 .text.HAL_DAC_SetValue
                0x08004424       0x32 ./Drivers/STM32F1xx_HAL_Driver/Src/stm32f1xx_hal_dac.o
                0x08004424                HAL_DAC_SetValue
 .text.HAL_DAC_ConfigChannel
                0x08004456       0x62 ./Drivers/STM32F1xx_HAL_Driver/Src/stm32f1xx_hal_dac.o
                0x08004456                HAL_DAC_ConfigChannel
 .text.HAL_GPIO_Init
                0x080044b8      0x288 ./Drivers/STM32F1xx_HAL_Driver/Src/stm32f1xx_hal_gpio.o
                0x080044b8                HAL_GPIO_Init
 .text.HAL_GPIO_ReadPin
                0x08004740        0xc ./Drivers/STM32F1xx_HAL_Driver/Src/stm32f1xx_hal_gpio.o
                0x08004740                HAL_GPIO_ReadPin
 .text.HAL_GPIO_WritePin
                0x0800474c        0xc ./Drivers/STM32F1xx_HAL_Driver/Src/stm32f1xx_hal_gpio.o
                0x0800474c                HAL_GPIO_WritePin
 .text.HAL_GPIO_EXTI_Callback
                0x08004758        0x2 ./Drivers/STM32F1xx_HAL_Driver/Src/stm32f1xx_hal_gpio.o
                0x08004758                HAL_GPIO_EXTI_Callback
 .text.HAL_GPIO_EXTI_IRQHandler
                0x0800475a       0x22 ./Drivers/STM32F1xx_HAL_Driver/Src/stm32f1xx_hal_gpio.o
                0x0800475a                HAL_GPIO_EXTI_IRQHandler
 .text.HAL_I2C_Init
                0x0800477c      0x19c ./Drivers/STM32F1xx_HAL_Driver/Src/stm32f1xx_hal_i2c.o
                0x0800477c                HAL_I2C_Init
 .text.HAL_RCC_OscConfig
                0x08004918      0x516 ./Drivers/STM32F1xx_HAL_Driver/Src/stm32f1xx_hal_rcc.o
                0x08004918                HAL_RCC_OscConfig
 .text.HAL_RCC_EnableCSS
                0x08004e2e        0xc ./Drivers/STM32F1xx_HAL_Driver/Src/stm32f1xx_hal_rcc.o
                0x08004e2e                HAL_RCC_EnableCSS
 .text.HAL_RCC_GetSysClockFreq
                0x08004e3a       0x76 ./Drivers/STM32F1xx_HAL_Driver/Src/stm32f1xx_hal_rcc.o
                0x08004e3a                HAL_RCC_GetSysClockFreq
 .text.HAL_RCC_ClockConfig
                0x08004eb0      0x15a ./Drivers/STM32F1xx_HAL_Driver/Src/stm32f1xx_hal_rcc.o
                0x08004eb0                HAL_RCC_ClockConfig
 .text.HAL_RCC_GetPCLK1Freq
                0x0800500a       0x26 ./Drivers/STM32F1xx_HAL_Driver/Src/stm32f1xx_hal_rcc.o
                0x0800500a                HAL_RCC_GetPCLK1Freq
 .text.HAL_RCC_GetPCLK2Freq
                0x08005030       0x26 ./Drivers/STM32F1xx_HAL_Driver/Src/stm32f1xx_hal_rcc.o
                0x08005030                HAL_RCC_GetPCLK2Freq
 .text.HAL_RCC_CSSCallback
                0x08005056        0x2 ./Drivers/STM32F1xx_HAL_Driver/Src/stm32f1xx_hal_rcc.o
                0x08005056                HAL_RCC_CSSCallback
 .text.HAL_RCC_NMI_IRQHandler
                0x08005058       0x26 ./Drivers/STM32F1xx_HAL_Driver/Src/stm32f1xx_hal_rcc.o
                0x08005058                HAL_RCC_NMI_IRQHandler
 .text.HAL_RCCEx_PeriphCLKConfig
                0x0800507e      0x140 ./Drivers/STM32F1xx_HAL_Driver/Src/stm32f1xx_hal_rcc_ex.o
                0x0800507e                HAL_RCCEx_PeriphCLKConfig
 .text.HAL_TIM_Base_Start
                0x080051be       0x72 ./Drivers/STM32F1xx_HAL_Driver/Src/stm32f1xx_hal_tim.o
                0x080051be                HAL_TIM_Base_Start
 .text.HAL_TIM_Base_Start_IT
                0x08005230       0x7c ./Drivers/STM32F1xx_HAL_Driver/Src/stm32f1xx_hal_tim.o
                0x08005230                HAL_TIM_Base_Start_IT
 .text.HAL_TIM_PeriodElapsedCallback
                0x080052ac        0x2 ./Drivers/STM32F1xx_HAL_Driver/Src/stm32f1xx_hal_tim.o
                0x080052ac                HAL_TIM_PeriodElapsedCallback
 .text.HAL_TIM_OC_DelayElapsedCallback
                0x080052ae        0x2 ./Drivers/STM32F1xx_HAL_Driver/Src/stm32f1xx_hal_tim.o
                0x080052ae                HAL_TIM_OC_DelayElapsedCallback
 .text.HAL_TIM_IC_CaptureCallback
                0x080052b0        0x2 ./Drivers/STM32F1xx_HAL_Driver/Src/stm32f1xx_hal_tim.o
                0x080052b0                HAL_TIM_IC_CaptureCallback
 .text.HAL_TIM_PWM_PulseFinishedCallback
                0x080052b2        0x2 ./Drivers/STM32F1xx_HAL_Driver/Src/stm32f1xx_hal_tim.o
                0x080052b2                HAL_TIM_PWM_PulseFinishedCallback
 .text.HAL_TIM_TriggerCallback
                0x080052b4        0x2 ./Drivers/STM32F1xx_HAL_Driver/Src/stm32f1xx_hal_tim.o
                0x080052b4                HAL_TIM_TriggerCallback
 .text.HAL_TIM_IRQHandler
                0x080052b6      0x15e ./Drivers/STM32F1xx_HAL_Driver/Src/stm32f1xx_hal_tim.o
                0x080052b6                HAL_TIM_IRQHandler
 .text.TIM_Base_SetConfig
                0x08005414      0x19c ./Drivers/STM32F1xx_HAL_Driver/Src/stm32f1xx_hal_tim.o
                0x08005414                TIM_Base_SetConfig
 .text.HAL_TIM_Base_Init
                0x080055b0       0x58 ./Drivers/STM32F1xx_HAL_Driver/Src/stm32f1xx_hal_tim.o
                0x080055b0                HAL_TIM_Base_Init
 .text.TIM_ETR_SetConfig
                0x08005608       0x18 ./Drivers/STM32F1xx_HAL_Driver/Src/stm32f1xx_hal_tim.o
                0x08005608                TIM_ETR_SetConfig
 .text.HAL_TIM_ConfigClockSource
                0x08005620      0x16a ./Drivers/STM32F1xx_HAL_Driver/Src/stm32f1xx_hal_tim.o
                0x08005620                HAL_TIM_ConfigClockSource
 .text.HAL_TIMEx_MasterConfigSynchronization
                0x0800578a       0x7e ./Drivers/STM32F1xx_HAL_Driver/Src/stm32f1xx_hal_tim_ex.o
                0x0800578a                HAL_TIMEx_MasterConfigSynchronization
 .text.HAL_TIMEx_CommutCallback
                0x08005808        0x2 ./Drivers/STM32F1xx_HAL_Driver/Src/stm32f1xx_hal_tim_ex.o
                0x08005808                HAL_TIMEx_CommutCallback
 .text.HAL_TIMEx_BreakCallback
                0x0800580a        0x2 ./Drivers/STM32F1xx_HAL_Driver/Src/stm32f1xx_hal_tim_ex.o
                0x0800580a                HAL_TIMEx_BreakCallback
 .text.UART_SetConfig
                0x0800580c       0xd8 ./Drivers/STM32F1xx_HAL_Driver/Src/stm32f1xx_hal_uart.o
 .text.HAL_UART_Init
                0x080058e4       0x60 ./Drivers/STM32F1xx_HAL_Driver/Src/stm32f1xx_hal_uart.o
                0x080058e4                HAL_UART_Init
 .text.LL_ADC_Init
                0x08005944       0x28 ./Drivers/STM32F1xx_HAL_Driver/Src/stm32f1xx_ll_adc.o
                0x08005944                LL_ADC_Init
 .text.LL_ADC_REG_Init
                0x0800596c       0x50 ./Drivers/STM32F1xx_HAL_Driver/Src/stm32f1xx_ll_adc.o
                0x0800596c                LL_ADC_REG_Init
 .text.LL_GPIO_Init
                0x080059bc      0x128 ./Drivers/STM32F1xx_HAL_Driver/Src/stm32f1xx_ll_gpio.o
                0x080059bc                LL_GPIO_Init
 .text.__errno  0x08005ae4        0xc C:/ST/STM32CubeIDE_1.15.1/STM32CubeIDE/plugins/com.st.stm32cube.ide.mcu.externaltools.gnu-tools-for-stm32.13.3.rel1.win32_1.0.0.202411081344/tools/bin/../lib/gcc/arm-none-eabi/13.3.1/../../../../arm-none-eabi/lib/thumb/v7-m/nofp\libc_nano.a(libc_a-errno.o)
                0x08005ae4                __errno
 .text.__libc_init_array
                0x08005af0       0x48 C:/ST/STM32CubeIDE_1.15.1/STM32CubeIDE/plugins/com.st.stm32cube.ide.mcu.externaltools.gnu-tools-for-stm32.13.3.rel1.win32_1.0.0.202411081344/tools/bin/../lib/gcc/arm-none-eabi/13.3.1/../../../../arm-none-eabi/lib/thumb/v7-m/nofp\libc_nano.a(libc_a-init.o)
                0x08005af0                __libc_init_array
 .text.sqrt     0x08005b38       0x48 C:/ST/STM32CubeIDE_1.15.1/STM32CubeIDE/plugins/com.st.stm32cube.ide.mcu.externaltools.gnu-tools-for-stm32.13.3.rel1.win32_1.0.0.202411081344/tools/bin/../lib/gcc/arm-none-eabi/13.3.1/../../../../arm-none-eabi/lib/thumb/v7-m/nofp\libm.a(libm_a-w_sqrt.o)
                0x08005b38                sqrt
 .text.__ieee754_sqrt
                0x08005b80      0x1a4 C:/ST/STM32CubeIDE_1.15.1/STM32CubeIDE/plugins/com.st.stm32cube.ide.mcu.externaltools.gnu-tools-for-stm32.13.3.rel1.win32_1.0.0.202411081344/tools/bin/../lib/gcc/arm-none-eabi/13.3.1/../../../../arm-none-eabi/lib/thumb/v7-m/nofp\libm.a(libm_a-e_sqrt.o)
                0x08005b80                __ieee754_sqrt
 *(.glue_7)
 .glue_7        0x08005d24        0x0 linker stubs
 *(.glue_7t)
 .glue_7t       0x08005d24        0x0 linker stubs
 *(.eh_frame)
 .eh_frame      0x08005d24        0x0 C:/ST/STM32CubeIDE_1.15.1/STM32CubeIDE/plugins/com.st.stm32cube.ide.mcu.externaltools.gnu-tools-for-stm32.13.3.rel1.win32_1.0.0.202411081344/tools/bin/../lib/gcc/arm-none-eabi/13.3.1/thumb/v7-m/nofp/crtbegin.o
 *(.init)
 .init          0x08005d24        0x4 C:/ST/STM32CubeIDE_1.15.1/STM32CubeIDE/plugins/com.st.stm32cube.ide.mcu.externaltools.gnu-tools-for-stm32.13.3.rel1.win32_1.0.0.202411081344/tools/bin/../lib/gcc/arm-none-eabi/13.3.1/thumb/v7-m/nofp/crti.o
                0x08005d24                _init
 .init          0x08005d28        0x8 C:/ST/STM32CubeIDE_1.15.1/STM32CubeIDE/plugins/com.st.stm32cube.ide.mcu.externaltools.gnu-tools-for-stm32.13.3.rel1.win32_1.0.0.202411081344/tools/bin/../lib/gcc/arm-none-eabi/13.3.1/thumb/v7-m/nofp/crtn.o
 *(.fini)
 .fini          0x08005d30        0x4 C:/ST/STM32CubeIDE_1.15.1/STM32CubeIDE/plugins/com.st.stm32cube.ide.mcu.externaltools.gnu-tools-for-stm32.13.3.rel1.win32_1.0.0.202411081344/tools/bin/../lib/gcc/arm-none-eabi/13.3.1/thumb/v7-m/nofp/crti.o
                0x08005d30                _fini
 .fini          0x08005d34        0x8 C:/ST/STM32CubeIDE_1.15.1/STM32CubeIDE/plugins/com.st.stm32cube.ide.mcu.externaltools.gnu-tools-for-stm32.13.3.rel1.win32_1.0.0.202411081344/tools/bin/../lib/gcc/arm-none-eabi/13.3.1/thumb/v7-m/nofp/crtn.o
                0x08005d3c                        . = ALIGN (0x4)
                0x08005d3c                        _etext = .

.vfp11_veneer   0x08005d3c        0x0
 .vfp11_veneer  0x08005d3c        0x0 linker stubs

.v4_bx          0x08005d3c        0x0
 .v4_bx         0x08005d3c        0x0 linker stubs

.iplt           0x08005d3c        0x0
 .iplt          0x08005d3c        0x0 C:/ST/STM32CubeIDE_1.15.1/STM32CubeIDE/plugins/com.st.stm32cube.ide.mcu.externaltools.gnu-tools-for-stm32.13.3.rel1.win32_1.0.0.202411081344/tools/bin/../lib/gcc/arm-none-eabi/13.3.1/thumb/v7-m/nofp/crtbegin.o

.rodata         0x08005d40      0x528
                0x08005d40                        . = ALIGN (0x4)
 *(.rodata)
 *(.rodata*)
 .rodata.row_offsets.0
                0x08005d40        0x4 ./Core/Src/lcd.o
 .rodata.ui_assign_language.str1.4
                0x08005d44      0x364 ./Core/Src/lcdMenu.o
                                 0x1d (size before relaxing)
 .rodata.lcd_handle.str1.4
                0x080060a8       0x44 ./Core/Src/lcdMenu.o
 .rodata.str1.4
                0x080060a8      0x304 ./Core/Src/lcdMenu.o
 .rodata.MENU_ITEMS_TR
                0x080060a8       0x10 ./Core/Src/lcdMenu.o
 .rodata.MENU_ITEMS_EN
                0x080060b8       0x10 ./Core/Src/lcdMenu.o
 .rodata.UI_STR_TABLE
                0x080060c8        0x8 ./Core/Src/lcdMenu.o
 .rodata.UI_STR_TR
                0x080060d0       0x68 ./Core/Src/lcdMenu.o
 .rodata.UI_STR_EN
                0x08006138       0x68 ./Core/Src/lcdMenu.o
 .rodata.STAGE_NAMES_LANG
                0x080061a0        0x8 ./Core/Src/lcdMenu.o
 .rodata.STAGE_TR_SHORT
                0x080061a8       0x1c ./Core/Src/lcdMenu.o
 .rodata.STAGE_EN_SHORT
                0x080061c4       0x1c ./Core/Src/lcdMenu.o
 .rodata.LABELS_TR_SHORT
                0x080061e0       0x10 ./Core/Src/lcdMenu.o
 .rodata.LABELS_EN_SHORT
                0x080061f0       0x10 ./Core/Src/lcdMenu.o
 .rodata.TITLE_NAMES_TR
                0x08006200        0x8 ./Core/Src/lcdMenu.o
                0x08006200                TITLE_NAMES_TR
 .rodata.TITLE_NAMES_EN
                0x08006208        0x8 ./Core/Src/lcdMenu.o
                0x08006208                TITLE_NAMES_EN
 .rodata.DEVICE_NAMES_TR
                0x08006210        0x8 ./Core/Src/lcdMenu.o
                0x08006210                DEVICE_NAMES_TR
 .rodata.DEVICE_NAMES_EN
                0x08006218        0x8 ./Core/Src/lcdMenu.o
                0x08006218                DEVICE_NAMES_EN
 .rodata.APBPrescTable
                0x08006220        0x8 ./Core/Src/system_stm32f1xx.o
                0x08006220                APBPrescTable
 .rodata.AHBPrescTable
                0x08006228       0x10 ./Core/Src/system_stm32f1xx.o
                0x08006228                AHBPrescTable
 .rodata.aPredivFactorTable.0
                0x08006238       0x10 ./Drivers/STM32F1xx_HAL_Driver/Src/stm32f1xx_hal_rcc.o
 .rodata.aPLLMULFactorTable.1
                0x08006248       0x10 ./Drivers/STM32F1xx_HAL_Driver/Src/stm32f1xx_hal_rcc.o
 .rodata.tiny   0x08006258        0x8 C:/ST/STM32CubeIDE_1.15.1/STM32CubeIDE/plugins/com.st.stm32cube.ide.mcu.externaltools.gnu-tools-for-stm32.13.3.rel1.win32_1.0.0.202411081344/tools/bin/../lib/gcc/arm-none-eabi/13.3.1/../../../../arm-none-eabi/lib/thumb/v7-m/nofp\libm.a(libm_a-e_sqrt.o)
 .rodata.one    0x08006260        0x8 C:/ST/STM32CubeIDE_1.15.1/STM32CubeIDE/plugins/com.st.stm32cube.ide.mcu.externaltools.gnu-tools-for-stm32.13.3.rel1.win32_1.0.0.202411081344/tools/bin/../lib/gcc/arm-none-eabi/13.3.1/../../../../arm-none-eabi/lib/thumb/v7-m/nofp\libm.a(libm_a-e_sqrt.o)
                0x080063ac                        . = ALIGN (0x4)

.ARM.extab      0x08006268        0x0
                0x08006268                        . = ALIGN (0x4)
 *(.ARM.extab* .gnu.linkonce.armextab.*)
                0x08006268                        . = ALIGN (0x4)

.ARM            0x08006268        0x0
                0x08006268                        . = ALIGN (0x4)
                0x08006268                        __exidx_start = .
 *(.ARM.exidx*)
                0x08006268                        __exidx_end = .
                0x08006268                        . = ALIGN (0x4)

.preinit_array  0x08006268        0x0
                0x08006268                        . = ALIGN (0x4)
                0x08006268                        PROVIDE (__preinit_array_start = .)
 *(.preinit_array*)
                0x08006268                        PROVIDE (__preinit_array_end = .)
                0x08006268                        . = ALIGN (0x4)

.init_array     0x08006268        0x4
                0x08006268                        . = ALIGN (0x4)
                0x08006268                        PROVIDE (__init_array_start = .)
 *(SORT_BY_NAME(.init_array.*))
 *(.init_array*)
 .init_array    0x08006268        0x4 C:/ST/STM32CubeIDE_1.15.1/STM32CubeIDE/plugins/com.st.stm32cube.ide.mcu.externaltools.gnu-tools-for-stm32.13.3.rel1.win32_1.0.0.202411081344/tools/bin/../lib/gcc/arm-none-eabi/13.3.1/thumb/v7-m/nofp/crtbegin.o
                0x0800626c                        PROVIDE (__init_array_end = .)
                0x0800626c                        . = ALIGN (0x4)

.fini_array     0x0800626c        0x4
                0x0800626c                        . = ALIGN (0x4)
                [!provide]                        PROVIDE (__fini_array_start = .)
 *(SORT_BY_NAME(.fini_array.*))
 *(.fini_array*)
 .fini_array    0x0800626c        0x4 C:/ST/STM32CubeIDE_1.15.1/STM32CubeIDE/plugins/com.st.stm32cube.ide.mcu.externaltools.gnu-tools-for-stm32.13.3.rel1.win32_1.0.0.202411081344/tools/bin/../lib/gcc/arm-none-eabi/13.3.1/thumb/v7-m/nofp/crtbegin.o
                [!provide]                        PROVIDE (__fini_array_end = .)
                0x08006270                        . = ALIGN (0x4)
                0x08006270                        _sidata = LOADADDR (.data)

.rel.dyn        0x08006270        0x0
 .rel.iplt      0x08006270        0x0 C:/ST/STM32CubeIDE_1.15.1/STM32CubeIDE/plugins/com.st.stm32cube.ide.mcu.externaltools.gnu-tools-for-stm32.13.3.rel1.win32_1.0.0.202411081344/tools/bin/../lib/gcc/arm-none-eabi/13.3.1/thumb/v7-m/nofp/crtbegin.o

.data           0x20000000      0x114 load address 0x08006270
                0x20000000                        . = ALIGN (0x4)
                0x20000000                        _sdata = .
 *(.data)
 *(.data*)
 .data.TEMP_COL
                0x20000000        0x1 ./Core/Src/lcdMenu.o
 .data.STATUS_COL
                0x20000001        0x1 ./Core/Src/lcdMenu.o
 .data.CH_CURR  0x20000002        0x1 ./Core/Src/lcdMenu.o
 *fill*         0x20000003        0x1 
 .data.TITLE_NAMES_LANG
                0x20000004        0x8 ./Core/Src/lcdMenu.o
                0x20000004                TITLE_NAMES_LANG
 .data.DEVICE_NAMES_LANG
                0x2000000c        0x8 ./Core/Src/lcdMenu.o
                0x2000000c                DEVICE_NAMES_LANG
 .data.brightness
                0x20000014        0x1 ./Core/Src/lcdMenu.o
                0x20000014                brightness
 *fill*         0x20000015        0x3 
 .data.companyName
                0x20000018        0x4 ./Core/Src/lcdMenu.o
                0x20000018                companyName
 .data.prevPageID
                0x2000001c        0x1 ./Core/Src/lcdMenu.o
 .data.lcdLangId
                0x2000001d        0x1 ./Core/Src/lcdMenu.o
                0x2000001d                lcdLangId
 .data.dacValueV
                0x2000001e        0x2 ./Core/Src/main.o
                0x2000001e                dacValueV
 .data.batInfo  0x20000020       0x30 ./Core/Src/out_control.o
                0x20000020                batInfo
 .data.pidIout  0x20000050       0x30 ./Core/Src/out_control.o
                0x20000050                pidIout
 .data.pidVout  0x20000080       0x30 ./Core/Src/out_control.o
                0x20000080                pidVout
 .data.outputIMax_dA
                0x200000b0        0x2 ./Core/Src/out_control.o
                0x200000b0                outputIMax_dA
 .data.outputVSet_dV
                0x200000b2        0x2 ./Core/Src/out_control.o
                0x200000b2                outputVSet_dV
 .data.testCurrent_dA
                0x200000b4        0x2 ./Core/Src/out_control.o
                0x200000b4                testCurrent_dA
 .data.testVoltage_dV
                0x200000b6        0x2 ./Core/Src/out_control.o
                0x200000b6                testVoltage_dV
 .data.SystemCoreClock
                0x200000b8        0x4 ./Core/Src/system_stm32f1xx.o
                0x200000b8                SystemCoreClock
 .data.uwTickFreq
                0x200000bc        0x1 ./Drivers/STM32F1xx_HAL_Driver/Src/stm32f1xx_hal.o
                0x200000bc                uwTickFreq
 *fill*         0x200000bd        0x3 
 .data.uwTickPrio
                0x200000c0        0x4 ./Drivers/STM32F1xx_HAL_Driver/Src/stm32f1xx_hal.o
                0x200000c0                uwTickPrio
 .data._impure_ptr
                0x200000c4        0x4 C:/ST/STM32CubeIDE_1.15.1/STM32CubeIDE/plugins/com.st.stm32cube.ide.mcu.externaltools.gnu-tools-for-stm32.13.3.rel1.win32_1.0.0.202411081344/tools/bin/../lib/gcc/arm-none-eabi/13.3.1/../../../../arm-none-eabi/lib/thumb/v7-m/nofp\libc_nano.a(libc_a-impure.o)
                0x200000c4                _impure_ptr
 .data._impure_data
                0x200000c8       0x4c C:/ST/STM32CubeIDE_1.15.1/STM32CubeIDE/plugins/com.st.stm32cube.ide.mcu.externaltools.gnu-tools-for-stm32.13.3.rel1.win32_1.0.0.202411081344/tools/bin/../lib/gcc/arm-none-eabi/13.3.1/../../../../arm-none-eabi/lib/thumb/v7-m/nofp\libc_nano.a(libc_a-impure.o)
                0x200000c8                _impure_data
 *(.RamFunc)
 *(.RamFunc*)
                0x20000114                        . = ALIGN (0x4)
                0x20000114                        _edata = .

.igot.plt       0x20000114        0x0 load address 0x08006384
 .igot.plt      0x20000114        0x0 C:/ST/STM32CubeIDE_1.15.1/STM32CubeIDE/plugins/com.st.stm32cube.ide.mcu.externaltools.gnu-tools-for-stm32.13.3.rel1.win32_1.0.0.202411081344/tools/bin/../lib/gcc/arm-none-eabi/13.3.1/thumb/v7-m/nofp/crtbegin.o
                0x20000114                        . = ALIGN (0x4)

.bss            0x20000118      0x720 load address 0x08006384
                0x20000118                        _sbss = .
                0x20000118                        __bss_start__ = _sbss
 *(.bss)
 .bss           0x20000118       0x1c C:/ST/STM32CubeIDE_1.15.1/STM32CubeIDE/plugins/com.st.stm32cube.ide.mcu.externaltools.gnu-tools-for-stm32.13.3.rel1.win32_1.0.0.202411081344/tools/bin/../lib/gcc/arm-none-eabi/13.3.1/thumb/v7-m/nofp/crtbegin.o
 *(.bss*)
 .bss.adcGain   0x20000134       0x14 ./Core/Src/adc.o
                0x20000134                adcGain
 .bss.temp      0x20000148        0x1 ./Core/Src/adc.o
                0x20000148                temp
 *fill*         0x20000149        0x1 
 .bss.adcIDC2   0x2000014a        0x2 ./Core/Src/adc.o
                0x2000014a                adcIDC2
 .bss.adcIDC2NoGain
                0x2000014c        0x2 ./Core/Src/adc.o
                0x2000014c                adcIDC2NoGain
 .bss.adcVDC2   0x2000014e        0x2 ./Core/Src/adc.o
                0x2000014e                adcVDC2
 .bss.adcVDC1   0x20000150        0x2 ./Core/Src/adc.o
                0x20000150                adcVDC1
 .bss.adcVBAT1  0x20000152        0x2 ./Core/Src/adc.o
                0x20000152                adcVBAT1
 .bss.adcIDC    0x20000154        0x2 ./Core/Src/adc.o
                0x20000154                adcIDC
 .bss.adcTEMP   0x20000156        0x2 ./Core/Src/adc.o
                0x20000156                adcTEMP
 .bss.adcVAC    0x20000158        0x2 ./Core/Src/adc.o
                0x20000158                adcVAC
 .bss.adcRmsBufferPo
                0x2000015a        0x1 ./Core/Src/adc.o
                0x2000015a                adcRmsBufferPo
 *fill*         0x2000015b        0x5 
 .bss.adcRmsSum
                0x20000160        0x8 ./Core/Src/adc.o
                0x20000160                adcRmsSum
 .bss.adcRmsBuffer
                0x20000168       0x50 ./Core/Src/adc.o
                0x20000168                adcRmsBuffer
 .bss.adcMeanBufferPo
                0x200001b8        0x1 ./Core/Src/adc.o
                0x200001b8                adcMeanBufferPo
 *fill*         0x200001b9        0x3 
 .bss.adcMeanSum
                0x200001bc       0x18 ./Core/Src/adc.o
                0x200001bc                adcMeanSum
 .bss.adcMeanBuffer
                0x200001d4      0x380 ./Core/Src/adc.o
                0x200001d4                adcMeanBuffer
 .bss.adcBuffer
                0x20000554        0xe ./Core/Src/adc.o
                0x20000554                adcBuffer
 *fill*         0x20000562        0x2 
 .bss.adc1Buffer
                0x20000564        0xe ./Core/Src/adc.o
                0x20000564                adc1Buffer
 *fill*         0x20000572        0x2 
 .bss.STR_LANG_VAL
                0x20000574        0x4 ./Core/Src/lcdMenu.o
 .bss.STR_MENU_ITEMS
                0x20000578        0x4 ./Core/Src/lcdMenu.o
 .bss.STR_LABELS_SHORT
                0x2000057c        0x4 ./Core/Src/lcdMenu.o
 .bss.STR_LOAD_BORDER_BOTTOM
                0x20000580        0x4 ./Core/Src/lcdMenu.o
 .bss.STR_LOAD_BORDER_TOP
                0x20000584        0x4 ./Core/Src/lcdMenu.o
 .bss.STR_COUNT
                0x20000588        0x4 ./Core/Src/lcdMenu.o
 .bss.STR_CAPACITY
                0x2000058c        0x4 ./Core/Src/lcdMenu.o
 .bss.STR_BATV  0x20000590        0x4 ./Core/Src/lcdMenu.o
 .bss.mfgPinPos
                0x20000594        0x1 ./Core/Src/lcdMenu.o
                0x20000594                mfgPinPos
 *fill*         0x20000595        0x3 
 .bss.mfgPinInput
                0x20000598        0x4 ./Core/Src/lcdMenu.o
                0x20000598                mfgPinInput
 .bss.mfgPinCode
                0x2000059c        0x2 ./Core/Src/lcdMenu.o
                0x2000059c                mfgPinCode
 .bss.editBackupValue
                0x2000059e        0x2 ./Core/Src/lcdMenu.o
 .bss.mfgPinErrorUntilMs
                0x200005a0        0x4 ./Core/Src/lcdMenu.o
 .bss.mfgPinError
                0x200005a4        0x1 ./Core/Src/lcdMenu.o
                0x200005a4                mfgPinError
 *fill*         0x200005a5        0x3 
 .bss.rightPressStartMs
                0x200005a8        0x4 ./Core/Src/lcdMenu.o
 .bss.isEditing
                0x200005ac        0x1 ./Core/Src/lcdMenu.o
 .bss.subIndex  0x200005ad        0x1 ./Core/Src/lcdMenu.o
                0x200005ad                subIndex
 .bss.menuIndex
                0x200005ae        0x1 ./Core/Src/lcdMenu.o
                0x200005ae                menuIndex
 .bss.uiNeedsClear
                0x200005af        0x1 ./Core/Src/lcdMenu.o
                0x200005af                uiNeedsClear
 .bss.buttonState
                0x200005b0        0x1 ./Core/Src/lcdMenu.o
                0x200005b0                buttonState
 .bss.pageID    0x200005b1        0x1 ./Core/Src/lcdMenu.o
                0x200005b1                pageID
 .bss.mainCounter
                0x200005b2        0x1 ./Core/Src/main.o
                0x200005b2                mainCounter
 *fill*         0x200005b3        0x1 
 .bss.dacValueI
                0x200005b4        0x2 ./Core/Src/main.o
                0x200005b4                dacValueI
 *fill*         0x200005b6        0x2 
 .bss.huart1    0x200005b8       0x48 ./Core/Src/main.o
                0x200005b8                huart1
 .bss.htim7     0x20000600       0x48 ./Core/Src/main.o
                0x20000600                htim7
 .bss.htim3     0x20000648       0x48 ./Core/Src/main.o
                0x20000648                htim3
 .bss.hi2c1     0x20000690       0x54 ./Core/Src/main.o
                0x20000690                hi2c1
 .bss.hdac      0x200006e4       0x14 ./Core/Src/main.o
                0x200006e4                hdac
 .bss.deviceOn  0x200006f8        0x1 ./Core/Src/out_control.o
                0x200006f8                deviceOn
 .bss.shortCircuitTest
                0x200006f9        0x1 ./Core/Src/out_control.o
                0x200006f9                shortCircuitTest
 .bss.operatingMode
                0x200006fa        0x1 ./Core/Src/out_control.o
                0x200006fa                operatingMode
 *fill*         0x200006fb        0x1 
 .bss.uwTick    0x200006fc        0x4 ./Drivers/STM32F1xx_HAL_Driver/Src/stm32f1xx_hal.o
                0x200006fc                uwTick
 .bss.__sf      0x20000700      0x138 C:/ST/STM32CubeIDE_1.15.1/STM32CubeIDE/plugins/com.st.stm32cube.ide.mcu.externaltools.gnu-tools-for-stm32.13.3.rel1.win32_1.0.0.202411081344/tools/bin/../lib/gcc/arm-none-eabi/13.3.1/../../../../arm-none-eabi/lib/thumb/v7-m/nofp\libc_nano.a(libc_a-findfp.o)
                0x20000700                __sf
 *(COMMON)
                0x20000838                        . = ALIGN (0x4)
                0x20000838                        _ebss = .
                0x20000838                        __bss_end__ = _ebss

._user_heap_stack
                0x20000838      0x600 load address 0x08006384
                0x20000838                        . = ALIGN (0x8)
                [!provide]                        PROVIDE (end = .)
                0x20000838                        PROVIDE (_end = .)
                0x20000a38                        . = (. + _Min_Heap_Size)
 *fill*         0x20000838      0x200 
                0x20000e38                        . = (. + _Min_Stack_Size)
 *fill*         0x20000a38      0x400 
                0x20000e38                        . = ALIGN (0x8)

/DISCARD/
 libc.a(*)
 libm.a(*)
 libgcc.a(*)

.ARM.attributes
                0x00000000       0x29
 *(.ARM.attributes)
 .ARM.attributes
                0x00000000       0x1d C:/ST/STM32CubeIDE_1.15.1/STM32CubeIDE/plugins/com.st.stm32cube.ide.mcu.externaltools.gnu-tools-for-stm32.13.3.rel1.win32_1.0.0.202411081344/tools/bin/../lib/gcc/arm-none-eabi/13.3.1/thumb/v7-m/nofp/crti.o
 .ARM.attributes
                0x0000001d       0x2d C:/ST/STM32CubeIDE_1.15.1/STM32CubeIDE/plugins/com.st.stm32cube.ide.mcu.externaltools.gnu-tools-for-stm32.13.3.rel1.win32_1.0.0.202411081344/tools/bin/../lib/gcc/arm-none-eabi/13.3.1/thumb/v7-m/nofp/crtbegin.o
 .ARM.attributes
                0x0000004a       0x2d ./Core/Src/adc.o
 .ARM.attributes
                0x00000077       0x2d ./Core/Src/lcd.o
 .ARM.attributes
                0x000000a4       0x2d ./Core/Src/lcdMenu.o
 .ARM.attributes
                0x000000d1       0x2d ./Core/Src/main.o
 .ARM.attributes
                0x000000fe       0x2d ./Core/Src/out_control.o
 .ARM.attributes
                0x0000012b       0x2d ./Core/Src/stm32f1xx_hal_msp.o
 .ARM.attributes
                0x00000158       0x2d ./Core/Src/stm32f1xx_it.o
 .ARM.attributes
                0x00000185       0x2d ./Core/Src/system_stm32f1xx.o
 .ARM.attributes
                0x000001b2       0x21 ./Core/Startup/startup_stm32f100c6tx.o
 .ARM.attributes
                0x000001d3       0x2d ./Drivers/STM32F1xx_HAL_Driver/Src/stm32f1xx_hal.o
 .ARM.attributes
                0x00000200       0x2d ./Drivers/STM32F1xx_HAL_Driver/Src/stm32f1xx_hal_cortex.o
 .ARM.attributes
                0x0000022d       0x2d ./Drivers/STM32F1xx_HAL_Driver/Src/stm32f1xx_hal_dac.o
 .ARM.attributes
                0x0000025a       0x2d ./Drivers/STM32F1xx_HAL_Driver/Src/stm32f1xx_hal_gpio.o
 .ARM.attributes
                0x00000287       0x2d ./Drivers/STM32F1xx_HAL_Driver/Src/stm32f1xx_hal_i2c.o
 .ARM.attributes
                0x000002b4       0x2d ./Drivers/STM32F1xx_HAL_Driver/Src/stm32f1xx_hal_rcc.o
 .ARM.attributes
                0x000002e1       0x2d ./Drivers/STM32F1xx_HAL_Driver/Src/stm32f1xx_hal_rcc_ex.o
 .ARM.attributes
                0x0000030e       0x2d ./Drivers/STM32F1xx_HAL_Driver/Src/stm32f1xx_hal_tim.o
 .ARM.attributes
                0x0000033b       0x2d ./Drivers/STM32F1xx_HAL_Driver/Src/stm32f1xx_hal_tim_ex.o
 .ARM.attributes
                0x00000368       0x2d ./Drivers/STM32F1xx_HAL_Driver/Src/stm32f1xx_hal_uart.o
 .ARM.attributes
                0x00000395       0x2d ./Drivers/STM32F1xx_HAL_Driver/Src/stm32f1xx_ll_adc.o
 .ARM.attributes
                0x000003c2       0x2d ./Drivers/STM32F1xx_HAL_Driver/Src/stm32f1xx_ll_gpio.o
 .ARM.attributes
                0x000003ef       0x2d C:/ST/STM32CubeIDE_1.15.1/STM32CubeIDE/plugins/com.st.stm32cube.ide.mcu.externaltools.gnu-tools-for-stm32.13.3.rel1.win32_1.0.0.202411081344/tools/bin/../lib/gcc/arm-none-eabi/13.3.1/../../../../arm-none-eabi/lib/thumb/v7-m/nofp\libc_nano.a(libc_a-findfp.o)
 .ARM.attributes
                0x0000041c       0x2d C:/ST/STM32CubeIDE_1.15.1/STM32CubeIDE/plugins/com.st.stm32cube.ide.mcu.externaltools.gnu-tools-for-stm32.13.3.rel1.win32_1.0.0.202411081344/tools/bin/../lib/gcc/arm-none-eabi/13.3.1/../../../../arm-none-eabi/lib/thumb/v7-m/nofp\libc_nano.a(libc_a-impure.o)
 .ARM.attributes
                0x00000449       0x2d C:/ST/STM32CubeIDE_1.15.1/STM32CubeIDE/plugins/com.st.stm32cube.ide.mcu.externaltools.gnu-tools-for-stm32.13.3.rel1.win32_1.0.0.202411081344/tools/bin/../lib/gcc/arm-none-eabi/13.3.1/../../../../arm-none-eabi/lib/thumb/v7-m/nofp\libc_nano.a(libc_a-errno.o)
 .ARM.attributes
                0x00000476       0x2d C:/ST/STM32CubeIDE_1.15.1/STM32CubeIDE/plugins/com.st.stm32cube.ide.mcu.externaltools.gnu-tools-for-stm32.13.3.rel1.win32_1.0.0.202411081344/tools/bin/../lib/gcc/arm-none-eabi/13.3.1/../../../../arm-none-eabi/lib/thumb/v7-m/nofp\libc_nano.a(libc_a-init.o)
 .ARM.attributes
                0x000004a3       0x2d C:/ST/STM32CubeIDE_1.15.1/STM32CubeIDE/plugins/com.st.stm32cube.ide.mcu.externaltools.gnu-tools-for-stm32.13.3.rel1.win32_1.0.0.202411081344/tools/bin/../lib/gcc/arm-none-eabi/13.3.1/../../../../arm-none-eabi/lib/thumb/v7-m/nofp\libm.a(libm_a-w_sqrt.o)
 .ARM.attributes
                0x000004d0       0x2d C:/ST/STM32CubeIDE_1.15.1/STM32CubeIDE/plugins/com.st.stm32cube.ide.mcu.externaltools.gnu-tools-for-stm32.13.3.rel1.win32_1.0.0.202411081344/tools/bin/../lib/gcc/arm-none-eabi/13.3.1/../../../../arm-none-eabi/lib/thumb/v7-m/nofp\libm.a(libm_a-e_sqrt.o)
 .ARM.attributes
                0x000004fd       0x1d C:/ST/STM32CubeIDE_1.15.1/STM32CubeIDE/plugins/com.st.stm32cube.ide.mcu.externaltools.gnu-tools-for-stm32.13.3.rel1.win32_1.0.0.202411081344/tools/bin/../lib/gcc/arm-none-eabi/13.3.1/thumb/v7-m/nofp\libgcc.a(_arm_addsubdf3.o)
 .ARM.attributes
                0x0000051a       0x1d C:/ST/STM32CubeIDE_1.15.1/STM32CubeIDE/plugins/com.st.stm32cube.ide.mcu.externaltools.gnu-tools-for-stm32.13.3.rel1.win32_1.0.0.202411081344/tools/bin/../lib/gcc/arm-none-eabi/13.3.1/thumb/v7-m/nofp\libgcc.a(_arm_muldivdf3.o)
 .ARM.attributes
                0x00000537       0x1d C:/ST/STM32CubeIDE_1.15.1/STM32CubeIDE/plugins/com.st.stm32cube.ide.mcu.externaltools.gnu-tools-for-stm32.13.3.rel1.win32_1.0.0.202411081344/tools/bin/../lib/gcc/arm-none-eabi/13.3.1/thumb/v7-m/nofp\libgcc.a(_arm_cmpdf2.o)
 .ARM.attributes
                0x00000554       0x1d C:/ST/STM32CubeIDE_1.15.1/STM32CubeIDE/plugins/com.st.stm32cube.ide.mcu.externaltools.gnu-tools-for-stm32.13.3.rel1.win32_1.0.0.202411081344/tools/bin/../lib/gcc/arm-none-eabi/13.3.1/thumb/v7-m/nofp\libgcc.a(_arm_unorddf2.o)
 .ARM.attributes
                0x00000571       0x1d C:/ST/STM32CubeIDE_1.15.1/STM32CubeIDE/plugins/com.st.stm32cube.ide.mcu.externaltools.gnu-tools-for-stm32.13.3.rel1.win32_1.0.0.202411081344/tools/bin/../lib/gcc/arm-none-eabi/13.3.1/thumb/v7-m/nofp\libgcc.a(_arm_fixunsdfsi.o)
 .ARM.attributes
                0x0000058e       0x1d C:/ST/STM32CubeIDE_1.15.1/STM32CubeIDE/plugins/com.st.stm32cube.ide.mcu.externaltools.gnu-tools-for-stm32.13.3.rel1.win32_1.0.0.202411081344/tools/bin/../lib/gcc/arm-none-eabi/13.3.1/thumb/v7-m/nofp/crtn.o
OUTPUT(BAT_CHARGER.elf elf32-littlearm)
LOAD linker stubs
LOAD C:/ST/STM32CubeIDE_1.15.1/STM32CubeIDE/plugins/com.st.stm32cube.ide.mcu.externaltools.gnu-tools-for-stm32.13.3.rel1.win32_1.0.0.202411081344/tools/bin/../lib/gcc/arm-none-eabi/13.3.1/../../../../arm-none-eabi/lib/thumb/v7-m/nofp\libc.a
LOAD C:/ST/STM32CubeIDE_1.15.1/STM32CubeIDE/plugins/com.st.stm32cube.ide.mcu.externaltools.gnu-tools-for-stm32.13.3.rel1.win32_1.0.0.202411081344/tools/bin/../lib/gcc/arm-none-eabi/13.3.1/../../../../arm-none-eabi/lib/thumb/v7-m/nofp\libm.a
LOAD C:/ST/STM32CubeIDE_1.15.1/STM32CubeIDE/plugins/com.st.stm32cube.ide.mcu.externaltools.gnu-tools-for-stm32.13.3.rel1.win32_1.0.0.202411081344/tools/bin/../lib/gcc/arm-none-eabi/13.3.1/thumb/v7-m/nofp\libgcc.a

.debug_info     0x00000000    0x1bada
 .debug_info    0x00000000      0xb37 ./Core/Src/adc.o
 .debug_info    0x00000b37      0xa59 ./Core/Src/lcd.o
 .debug_info    0x00001590     0x2d3f ./Core/Src/lcdMenu.o
 .debug_info    0x000042cf     0x3316 ./Core/Src/main.o
 .debug_info    0x000075e5      0xa5e ./Core/Src/out_control.o
 .debug_info    0x00008043     0x148d ./Core/Src/stm32f1xx_hal_msp.o
 .debug_info    0x000094d0      0xb95 ./Core/Src/stm32f1xx_it.o
 .debug_info    0x0000a065      0x24a ./Core/Src/system_stm32f1xx.o
 .debug_info    0x0000a2af       0x30 ./Core/Startup/startup_stm32f100c6tx.o
 .debug_info    0x0000a2df      0x71f ./Drivers/STM32F1xx_HAL_Driver/Src/stm32f1xx_hal.o
 .debug_info    0x0000a9fe      0xcb4 ./Drivers/STM32F1xx_HAL_Driver/Src/stm32f1xx_hal_cortex.o
 .debug_info    0x0000b6b2      0xb09 ./Drivers/STM32F1xx_HAL_Driver/Src/stm32f1xx_hal_dac.o
 .debug_info    0x0000c1bb      0x62c ./Drivers/STM32F1xx_HAL_Driver/Src/stm32f1xx_hal_gpio.o
 .debug_info    0x0000c7e7     0x39c8 ./Drivers/STM32F1xx_HAL_Driver/Src/stm32f1xx_hal_i2c.o
 .debug_info    0x000101af      0x97e ./Drivers/STM32F1xx_HAL_Driver/Src/stm32f1xx_hal_rcc.o
 .debug_info    0x00010b2d      0x3a5 ./Drivers/STM32F1xx_HAL_Driver/Src/stm32f1xx_hal_rcc_ex.o
 .debug_info    0x00010ed2     0x3f8b ./Drivers/STM32F1xx_HAL_Driver/Src/stm32f1xx_hal_tim.o
 .debug_info    0x00014e5d     0x1abe ./Drivers/STM32F1xx_HAL_Driver/Src/stm32f1xx_hal_tim_ex.o
 .debug_info    0x0001691b     0x4033 ./Drivers/STM32F1xx_HAL_Driver/Src/stm32f1xx_hal_uart.o
 .debug_info    0x0001a94e      0x91a ./Drivers/STM32F1xx_HAL_Driver/Src/stm32f1xx_ll_adc.o
 .debug_info    0x0001b268      0x872 ./Drivers/STM32F1xx_HAL_Driver/Src/stm32f1xx_ll_gpio.o

.debug_abbrev   0x00000000     0x3487
 .debug_abbrev  0x00000000      0x1f2 ./Core/Src/adc.o
 .debug_abbrev  0x000001f2      0x282 ./Core/Src/lcd.o
 .debug_abbrev  0x00000474      0x364 ./Core/Src/lcdMenu.o
 .debug_abbrev  0x000007d8      0x4b6 ./Core/Src/main.o
 .debug_abbrev  0x00000c8e      0x202 ./Core/Src/out_control.o
 .debug_abbrev  0x00000e90      0x272 ./Core/Src/stm32f1xx_hal_msp.o
 .debug_abbrev  0x00001102      0x293 ./Core/Src/stm32f1xx_it.o
 .debug_abbrev  0x00001395      0x11f ./Core/Src/system_stm32f1xx.o
 .debug_abbrev  0x000014b4       0x24 ./Core/Startup/startup_stm32f100c6tx.o
 .debug_abbrev  0x000014d8      0x261 ./Drivers/STM32F1xx_HAL_Driver/Src/stm32f1xx_hal.o
 .debug_abbrev  0x00001739      0x342 ./Drivers/STM32F1xx_HAL_Driver/Src/stm32f1xx_hal_cortex.o
 .debug_abbrev  0x00001a7b      0x235 ./Drivers/STM32F1xx_HAL_Driver/Src/stm32f1xx_hal_dac.o
 .debug_abbrev  0x00001cb0      0x20a ./Drivers/STM32F1xx_HAL_Driver/Src/stm32f1xx_hal_gpio.o
 .debug_abbrev  0x00001eba      0x3c2 ./Drivers/STM32F1xx_HAL_Driver/Src/stm32f1xx_hal_i2c.o
 .debug_abbrev  0x0000227c      0x2fc ./Drivers/STM32F1xx_HAL_Driver/Src/stm32f1xx_hal_rcc.o
 .debug_abbrev  0x00002578      0x1ae ./Drivers/STM32F1xx_HAL_Driver/Src/stm32f1xx_hal_rcc_ex.o
 .debug_abbrev  0x00002726      0x2f9 ./Drivers/STM32F1xx_HAL_Driver/Src/stm32f1xx_hal_tim.o
 .debug_abbrev  0x00002a1f      0x270 ./Drivers/STM32F1xx_HAL_Driver/Src/stm32f1xx_hal_tim_ex.o
 .debug_abbrev  0x00002c8f      0x380 ./Drivers/STM32F1xx_HAL_Driver/Src/stm32f1xx_hal_uart.o
 .debug_abbrev  0x0000300f      0x218 ./Drivers/STM32F1xx_HAL_Driver/Src/stm32f1xx_ll_adc.o
 .debug_abbrev  0x00003227      0x260 ./Drivers/STM32F1xx_HAL_Driver/Src/stm32f1xx_ll_gpio.o

.debug_loclists
                0x00000000     0xe3fd
 .debug_loclists
                0x00000000      0x26f ./Core/Src/adc.o
 .debug_loclists
                0x0000026f      0x3b1 ./Core/Src/lcd.o
 .debug_loclists
                0x00000620      0xa98 ./Core/Src/lcdMenu.o
 .debug_loclists
                0x000010b8      0x57f ./Core/Src/main.o
 .debug_loclists
                0x00001637       0x8c ./Core/Src/out_control.o
 .debug_loclists
                0x000016c3      0x219 ./Core/Src/stm32f1xx_hal_msp.o
 .debug_loclists
                0x000018dc       0xb2 ./Core/Src/stm32f1xx_it.o
 .debug_loclists
                0x0000198e       0xf4 ./Core/Src/system_stm32f1xx.o
 .debug_loclists
                0x00001a82       0xd1 ./Drivers/STM32F1xx_HAL_Driver/Src/stm32f1xx_hal.o
 .debug_loclists
                0x00001b53      0x527 ./Drivers/STM32F1xx_HAL_Driver/Src/stm32f1xx_hal_cortex.o
 .debug_loclists
                0x0000207a      0x646 ./Drivers/STM32F1xx_HAL_Driver/Src/stm32f1xx_hal_dac.o
 .debug_loclists
                0x000026c0      0x2d0 ./Drivers/STM32F1xx_HAL_Driver/Src/stm32f1xx_hal_gpio.o
 .debug_loclists
                0x00002990     0x3056 ./Drivers/STM32F1xx_HAL_Driver/Src/stm32f1xx_hal_i2c.o
 .debug_loclists
                0x000059e6      0x460 ./Drivers/STM32F1xx_HAL_Driver/Src/stm32f1xx_hal_rcc.o
 .debug_loclists
                0x00005e46      0x1f9 ./Drivers/STM32F1xx_HAL_Driver/Src/stm32f1xx_hal_rcc_ex.o
 .debug_loclists
                0x0000603f     0x3b3a ./Drivers/STM32F1xx_HAL_Driver/Src/stm32f1xx_hal_tim.o
 .debug_loclists
                0x00009b79     0x138f ./Drivers/STM32F1xx_HAL_Driver/Src/stm32f1xx_hal_tim_ex.o
 .debug_loclists
                0x0000af08     0x2cc6 ./Drivers/STM32F1xx_HAL_Driver/Src/stm32f1xx_hal_uart.o
 .debug_loclists
                0x0000dbce      0x21d ./Drivers/STM32F1xx_HAL_Driver/Src/stm32f1xx_ll_adc.o
 .debug_loclists
                0x0000ddeb      0x612 ./Drivers/STM32F1xx_HAL_Driver/Src/stm32f1xx_ll_gpio.o

.debug_aranges  0x00000000      0xfa0
 .debug_aranges
                0x00000000       0x28 ./Core/Src/adc.o
 .debug_aranges
                0x00000028       0xa8 ./Core/Src/lcd.o
 .debug_aranges
                0x000000d0       0x48 ./Core/Src/lcdMenu.o
 .debug_aranges
                0x00000118       0x40 ./Core/Src/main.o
 .debug_aranges
                0x00000158       0x28 ./Core/Src/out_control.o
 .debug_aranges
                0x00000180       0x60 ./Core/Src/stm32f1xx_hal_msp.o
 .debug_aranges
                0x000001e0       0x98 ./Core/Src/stm32f1xx_it.o
 .debug_aranges
                0x00000278       0x28 ./Core/Src/system_stm32f1xx.o
 .debug_aranges
                0x000002a0       0x28 ./Core/Startup/startup_stm32f100c6tx.o
 .debug_aranges
                0x000002c8       0xe0 ./Drivers/STM32F1xx_HAL_Driver/Src/stm32f1xx_hal.o
 .debug_aranges
                0x000003a8       0x90 ./Drivers/STM32F1xx_HAL_Driver/Src/stm32f1xx_hal_cortex.o
 .debug_aranges
                0x00000438       0xc0 ./Drivers/STM32F1xx_HAL_Driver/Src/stm32f1xx_hal_dac.o
 .debug_aranges
                0x000004f8       0x58 ./Drivers/STM32F1xx_HAL_Driver/Src/stm32f1xx_hal_gpio.o
 .debug_aranges
                0x00000550      0x208 ./Drivers/STM32F1xx_HAL_Driver/Src/stm32f1xx_hal_i2c.o
 .debug_aranges
                0x00000758       0x88 ./Drivers/STM32F1xx_HAL_Driver/Src/stm32f1xx_hal_rcc.o
 .debug_aranges
                0x000007e0       0x30 ./Drivers/STM32F1xx_HAL_Driver/Src/stm32f1xx_hal_rcc_ex.o
 .debug_aranges
                0x00000810      0x3a0 ./Drivers/STM32F1xx_HAL_Driver/Src/stm32f1xx_hal_tim.o
 .debug_aranges
                0x00000bb0      0x168 ./Drivers/STM32F1xx_HAL_Driver/Src/stm32f1xx_hal_tim_ex.o
 .debug_aranges
                0x00000d18      0x1f0 ./Drivers/STM32F1xx_HAL_Driver/Src/stm32f1xx_hal_uart.o
 .debug_aranges
                0x00000f08       0x68 ./Drivers/STM32F1xx_HAL_Driver/Src/stm32f1xx_ll_adc.o
 .debug_aranges
                0x00000f70       0x30 ./Drivers/STM32F1xx_HAL_Driver/Src/stm32f1xx_ll_gpio.o

.debug_rnglists
                0x00000000      0xe86
 .debug_rnglists
                0x00000000       0x1a ./Core/Src/adc.o
 .debug_rnglists
                0x0000001a       0x7a ./Core/Src/lcd.o
 .debug_rnglists
                0x00000094       0xcb ./Core/Src/lcdMenu.o
 .debug_rnglists
                0x0000015f       0x72 ./Core/Src/main.o
 .debug_rnglists
                0x000001d1       0x1a ./Core/Src/out_control.o
 .debug_rnglists
                0x000001eb       0x44 ./Core/Src/stm32f1xx_hal_msp.o
 .debug_rnglists
                0x0000022f       0x6f ./Core/Src/stm32f1xx_it.o
 .debug_rnglists
                0x0000029e       0x1a ./Core/Src/system_stm32f1xx.o
 .debug_rnglists
                0x000002b8       0x19 ./Core/Startup/startup_stm32f100c6tx.o
 .debug_rnglists
                0x000002d1       0xa3 ./Drivers/STM32F1xx_HAL_Driver/Src/stm32f1xx_hal.o
 .debug_rnglists
                0x00000374       0x7f ./Drivers/STM32F1xx_HAL_Driver/Src/stm32f1xx_hal_cortex.o
 .debug_rnglists
                0x000003f3       0x8c ./Drivers/STM32F1xx_HAL_Driver/Src/stm32f1xx_hal_dac.o
 .debug_rnglists
                0x0000047f       0x4d ./Drivers/STM32F1xx_HAL_Driver/Src/stm32f1xx_hal_gpio.o
 .debug_rnglists
                0x000004cc      0x238 ./Drivers/STM32F1xx_HAL_Driver/Src/stm32f1xx_hal_i2c.o
 .debug_rnglists
                0x00000704       0x90 ./Drivers/STM32F1xx_HAL_Driver/Src/stm32f1xx_hal_rcc.o
 .debug_rnglists
                0x00000794       0x30 ./Drivers/STM32F1xx_HAL_Driver/Src/stm32f1xx_hal_rcc_ex.o
 .debug_rnglists
                0x000007c4      0x328 ./Drivers/STM32F1xx_HAL_Driver/Src/stm32f1xx_hal_tim.o
 .debug_rnglists
                0x00000aec      0x11a ./Drivers/STM32F1xx_HAL_Driver/Src/stm32f1xx_hal_tim_ex.o
 .debug_rnglists
                0x00000c06      0x1a7 ./Drivers/STM32F1xx_HAL_Driver/Src/stm32f1xx_hal_uart.o
 .debug_rnglists
                0x00000dad       0x62 ./Drivers/STM32F1xx_HAL_Driver/Src/stm32f1xx_ll_adc.o
 .debug_rnglists
                0x00000e0f       0x77 ./Drivers/STM32F1xx_HAL_Driver/Src/stm32f1xx_ll_gpio.o

.debug_macro    0x00000000    0x1529d
 .debug_macro   0x00000000      0x371 ./Core/Src/adc.o
 .debug_macro   0x00000371      0xad2 ./Core/Src/adc.o
 .debug_macro   0x00000e43       0x7c ./Core/Src/adc.o
 .debug_macro   0x00000ebf      0x227 ./Core/Src/adc.o
 .debug_macro   0x000010e6       0x2e ./Core/Src/adc.o
 .debug_macro   0x00001114       0x22 ./Core/Src/adc.o
 .debug_macro   0x00001136       0x22 ./Core/Src/adc.o
 .debug_macro   0x00001158       0x8e ./Core/Src/adc.o
 .debug_macro   0x000011e6       0x51 ./Core/Src/adc.o
 .debug_macro   0x00001237      0x103 ./Core/Src/adc.o
 .debug_macro   0x0000133a       0x6a ./Core/Src/adc.o
 .debug_macro   0x000013a4      0x1df ./Core/Src/adc.o
 .debug_macro   0x00001583       0x1c ./Core/Src/adc.o
 .debug_macro   0x0000159f       0x22 ./Core/Src/adc.o
 .debug_macro   0x000015c1       0xbd ./Core/Src/adc.o
 .debug_macro   0x0000167e      0xd23 ./Core/Src/adc.o
 .debug_macro   0x000023a1     0x75c9 ./Core/Src/adc.o
 .debug_macro   0x0000996a       0x6d ./Core/Src/adc.o
 .debug_macro   0x000099d7     0x34a2 ./Core/Src/adc.o
 .debug_macro   0x0000ce79      0x190 ./Core/Src/adc.o
 .debug_macro   0x0000d009       0x5c ./Core/Src/adc.o
 .debug_macro   0x0000d065      0x5bc ./Core/Src/adc.o
 .debug_macro   0x0000d621      0x369 ./Core/Src/adc.o
 .debug_macro   0x0000d98a      0x1cb ./Core/Src/adc.o
 .debug_macro   0x0000db55      0x114 ./Core/Src/adc.o
 .debug_macro   0x0000dc69      0x1f1 ./Core/Src/adc.o
 .debug_macro   0x0000de5a       0x27 ./Core/Src/adc.o
 .debug_macro   0x0000de81      0x130 ./Core/Src/adc.o
 .debug_macro   0x0000dfb1      0x1bc ./Core/Src/adc.o
 .debug_macro   0x0000e16d       0x34 ./Core/Src/adc.o
 .debug_macro   0x0000e1a1       0x3c ./Core/Src/adc.o
 .debug_macro   0x0000e1dd       0x57 ./Core/Src/adc.o
 .debug_macro   0x0000e234       0xe3 ./Core/Src/adc.o
 .debug_macro   0x0000e317       0xde ./Core/Src/adc.o
 .debug_macro   0x0000e3f5       0x6b ./Core/Src/adc.o
 .debug_macro   0x0000e460      0x240 ./Core/Src/adc.o
 .debug_macro   0x0000e6a0      0x287 ./Core/Src/adc.o
 .debug_macro   0x0000e927      0x140 ./Core/Src/adc.o
 .debug_macro   0x0000ea67      0x8ed ./Core/Src/adc.o
 .debug_macro   0x0000f354      0x2aa ./Core/Src/adc.o
 .debug_macro   0x0000f5fe       0x9f ./Core/Src/adc.o
 .debug_macro   0x0000f69d      0x814 ./Core/Src/adc.o
 .debug_macro   0x0000feb1      0x287 ./Core/Src/adc.o
 .debug_macro   0x00010138       0xf2 ./Core/Src/adc.o
 .debug_macro   0x0001022a       0x28 ./Core/Src/adc.o
 .debug_macro   0x00010252      0x36d ./Core/Src/adc.o
 .debug_macro   0x000105bf       0x6e ./Core/Src/adc.o
 .debug_macro   0x0001062d       0x2a ./Core/Src/adc.o
 .debug_macro   0x00010657       0x90 ./Core/Src/adc.o
 .debug_macro   0x000106e7      0x229 ./Core/Src/adc.o
 .debug_macro   0x00010910       0xca ./Core/Src/adc.o
 .debug_macro   0x000109da       0x61 ./Core/Src/adc.o
 .debug_macro   0x00010a3b       0x24 ./Core/Src/adc.o
 .debug_macro   0x00010a5f       0x43 ./Core/Src/adc.o
 .debug_macro   0x00010aa2       0x34 ./Core/Src/adc.o
 .debug_macro   0x00010ad6      0x370 ./Core/Src/adc.o
 .debug_macro   0x00010e46       0x16 ./Core/Src/adc.o
 .debug_macro   0x00010e5c       0x4a ./Core/Src/adc.o
 .debug_macro   0x00010ea6       0x34 ./Core/Src/adc.o
 .debug_macro   0x00010eda       0x10 ./Core/Src/adc.o
 .debug_macro   0x00010eea       0x58 ./Core/Src/adc.o
 .debug_macro   0x00010f42       0x8e ./Core/Src/adc.o
 .debug_macro   0x00010fd0       0x1c ./Core/Src/adc.o
 .debug_macro   0x00010fec      0x185 ./Core/Src/adc.o
 .debug_macro   0x00011171       0x10 ./Core/Src/adc.o
 .debug_macro   0x00011181       0x3c ./Core/Src/adc.o
 .debug_macro   0x000111bd       0x20 ./Core/Src/adc.o
 .debug_macro   0x000111dd      0x19b ./Core/Src/adc.o
 .debug_macro   0x00011378      0x201 ./Core/Src/adc.o
 .debug_macro   0x00011579       0x7c ./Core/Src/adc.o
 .debug_macro   0x000115f5       0x17 ./Core/Src/adc.o
 .debug_macro   0x0001160c      0x118 ./Core/Src/adc.o
 .debug_macro   0x00011724      0x170 ./Core/Src/adc.o
 .debug_macro   0x00011894      0x155 ./Core/Src/adc.o
 .debug_macro   0x000119e9      0x372 ./Core/Src/lcd.o
 .debug_macro   0x00011d5b      0x39b ./Core/Src/lcdMenu.o
 .debug_macro   0x000120f6       0xac ./Core/Src/lcdMenu.o
 .debug_macro   0x000121a2       0x58 ./Core/Src/lcdMenu.o
 .debug_macro   0x000121fa      0x39b ./Core/Src/main.o
 .debug_macro   0x00012595      0x38d ./Core/Src/out_control.o
 .debug_macro   0x00012922      0x368 ./Core/Src/stm32f1xx_hal_msp.o
 .debug_macro   0x00012c8a      0x388 ./Core/Src/stm32f1xx_it.o
 .debug_macro   0x00013012      0x1c0 ./Core/Src/system_stm32f1xx.o
 .debug_macro   0x000131d2      0x1e4 ./Drivers/STM32F1xx_HAL_Driver/Src/stm32f1xx_hal.o
 .debug_macro   0x000133b6      0x1c0 ./Drivers/STM32F1xx_HAL_Driver/Src/stm32f1xx_hal_cortex.o
 .debug_macro   0x00013576      0x1c1 ./Drivers/STM32F1xx_HAL_Driver/Src/stm32f1xx_hal_dac.o
 .debug_macro   0x00013737      0x22b ./Drivers/STM32F1xx_HAL_Driver/Src/stm32f1xx_hal_gpio.o
 .debug_macro   0x00013962      0x20e ./Drivers/STM32F1xx_HAL_Driver/Src/stm32f1xx_hal_i2c.o
 .debug_macro   0x00013b70      0x1d2 ./Drivers/STM32F1xx_HAL_Driver/Src/stm32f1xx_hal_rcc.o
 .debug_macro   0x00013d42      0x1c0 ./Drivers/STM32F1xx_HAL_Driver/Src/stm32f1xx_hal_rcc_ex.o
 .debug_macro   0x00013f02      0x1c1 ./Drivers/STM32F1xx_HAL_Driver/Src/stm32f1xx_hal_tim.o
 .debug_macro   0x000140c3      0x1c0 ./Drivers/STM32F1xx_HAL_Driver/Src/stm32f1xx_hal_tim_ex.o
 .debug_macro   0x00014283      0x1c1 ./Drivers/STM32F1xx_HAL_Driver/Src/stm32f1xx_hal_uart.o
 .debug_macro   0x00014444      0x22c ./Drivers/STM32F1xx_HAL_Driver/Src/stm32f1xx_ll_adc.o
 .debug_macro   0x00014670      0x80e ./Drivers/STM32F1xx_HAL_Driver/Src/stm32f1xx_ll_adc.o
 .debug_macro   0x00014e7e      0x1fc ./Drivers/STM32F1xx_HAL_Driver/Src/stm32f1xx_ll_gpio.o
 .debug_macro   0x0001507a      0x223 ./Drivers/STM32F1xx_HAL_Driver/Src/stm32f1xx_ll_gpio.o

.debug_line     0x00000000    0x1e4ce
 .debug_line    0x00000000      0xc21 ./Core/Src/adc.o
 .debug_line    0x00000c21      0xe30 ./Core/Src/lcd.o
 .debug_line    0x00001a51     0x2681 ./Core/Src/lcdMenu.o
 .debug_line    0x000040d2     0x15fc ./Core/Src/main.o
 .debug_line    0x000056ce      0xba7 ./Core/Src/out_control.o
 .debug_line    0x00006275      0xc62 ./Core/Src/stm32f1xx_hal_msp.o
 .debug_line    0x00006ed7      0xd98 ./Core/Src/stm32f1xx_it.o
 .debug_line    0x00007c6f      0x7cb ./Core/Src/system_stm32f1xx.o
 .debug_line    0x0000843a       0x78 ./Core/Startup/startup_stm32f100c6tx.o
 .debug_line    0x000084b2      0xa6b ./Drivers/STM32F1xx_HAL_Driver/Src/stm32f1xx_hal.o
 .debug_line    0x00008f1d      0xbdf ./Drivers/STM32F1xx_HAL_Driver/Src/stm32f1xx_hal_cortex.o
 .debug_line    0x00009afc      0xd6f ./Drivers/STM32F1xx_HAL_Driver/Src/stm32f1xx_hal_dac.o
 .debug_line    0x0000a86b      0xb33 ./Drivers/STM32F1xx_HAL_Driver/Src/stm32f1xx_hal_gpio.o
 .debug_line    0x0000b39e     0x58ad ./Drivers/STM32F1xx_HAL_Driver/Src/stm32f1xx_hal_i2c.o
 .debug_line    0x00010c4b     0x11ae ./Drivers/STM32F1xx_HAL_Driver/Src/stm32f1xx_hal_rcc.o
 .debug_line    0x00011df9      0x95f ./Drivers/STM32F1xx_HAL_Driver/Src/stm32f1xx_hal_rcc_ex.o
 .debug_line    0x00012758     0x4f5f ./Drivers/STM32F1xx_HAL_Driver/Src/stm32f1xx_hal_tim.o
 .debug_line    0x000176b7     0x1eb4 ./Drivers/STM32F1xx_HAL_Driver/Src/stm32f1xx_hal_tim_ex.o
 .debug_line    0x0001956b     0x398d ./Drivers/STM32F1xx_HAL_Driver/Src/stm32f1xx_hal_uart.o
 .debug_line    0x0001cef8      0xa7b ./Drivers/STM32F1xx_HAL_Driver/Src/stm32f1xx_ll_adc.o
 .debug_line    0x0001d973      0xb5b ./Drivers/STM32F1xx_HAL_Driver/Src/stm32f1xx_ll_gpio.o

.debug_str      0x00000000    0x7b9fd
 .debug_str     0x00000000    0x7b9fd ./Core/Src/adc.o
                              0x755ae (size before relaxing)
 .debug_str     0x0007b9fd    0x7520e ./Core/Src/lcd.o
 .debug_str     0x0007b9fd    0x75da2 ./Core/Src/lcdMenu.o
 .debug_str     0x0007b9fd    0x76daf ./Core/Src/main.o
 .debug_str     0x0007b9fd    0x75ba9 ./Core/Src/out_control.o
 .debug_str     0x0007b9fd    0x75f02 ./Core/Src/stm32f1xx_hal_msp.o
 .debug_str     0x0007b9fd    0x75bd1 ./Core/Src/stm32f1xx_it.o
 .debug_str     0x0007b9fd    0x65c2e ./Core/Src/system_stm32f1xx.o
 .debug_str     0x0007b9fd       0x82 ./Core/Startup/startup_stm32f100c6tx.o
 .debug_str     0x0007b9fd    0x6630d ./Drivers/STM32F1xx_HAL_Driver/Src/stm32f1xx_hal.o
 .debug_str     0x0007b9fd    0x66272 ./Drivers/STM32F1xx_HAL_Driver/Src/stm32f1xx_hal_cortex.o
 .debug_str     0x0007b9fd    0x6613f ./Drivers/STM32F1xx_HAL_Driver/Src/stm32f1xx_hal_dac.o
 .debug_str     0x0007b9fd    0x65fa2 ./Drivers/STM32F1xx_HAL_Driver/Src/stm32f1xx_hal_gpio.o
 .debug_str     0x0007b9fd    0x66cdd ./Drivers/STM32F1xx_HAL_Driver/Src/stm32f1xx_hal_i2c.o
 .debug_str     0x0007b9fd    0x6602c ./Drivers/STM32F1xx_HAL_Driver/Src/stm32f1xx_hal_rcc.o
 .debug_str     0x0007b9fd    0x65d57 ./Drivers/STM32F1xx_HAL_Driver/Src/stm32f1xx_hal_rcc_ex.o
 .debug_str     0x0007b9fd    0x67047 ./Drivers/STM32F1xx_HAL_Driver/Src/stm32f1xx_hal_tim.o
 .debug_str     0x0007b9fd    0x66853 ./Drivers/STM32F1xx_HAL_Driver/Src/stm32f1xx_hal_tim_ex.o
 .debug_str     0x0007b9fd    0x666b6 ./Drivers/STM32F1xx_HAL_Driver/Src/stm32f1xx_hal_uart.o
 .debug_str     0x0007b9fd    0x6cce9 ./Drivers/STM32F1xx_HAL_Driver/Src/stm32f1xx_ll_adc.o
 .debug_str     0x0007b9fd    0x67600 ./Drivers/STM32F1xx_HAL_Driver/Src/stm32f1xx_ll_gpio.o

.comment        0x00000000       0x43
 .comment       0x00000000       0x43 ./Core/Src/adc.o
                                 0x44 (size before relaxing)
 .comment       0x00000043       0x44 ./Core/Src/lcd.o
 .comment       0x00000043       0x44 ./Core/Src/lcdMenu.o
 .comment       0x00000043       0x44 ./Core/Src/main.o
 .comment       0x00000043       0x44 ./Core/Src/out_control.o
 .comment       0x00000043       0x44 ./Core/Src/stm32f1xx_hal_msp.o
 .comment       0x00000043       0x44 ./Core/Src/stm32f1xx_it.o
 .comment       0x00000043       0x44 ./Core/Src/system_stm32f1xx.o
 .comment       0x00000043       0x44 ./Drivers/STM32F1xx_HAL_Driver/Src/stm32f1xx_hal.o
 .comment       0x00000043       0x44 ./Drivers/STM32F1xx_HAL_Driver/Src/stm32f1xx_hal_cortex.o
 .comment       0x00000043       0x44 ./Drivers/STM32F1xx_HAL_Driver/Src/stm32f1xx_hal_dac.o
 .comment       0x00000043       0x44 ./Drivers/STM32F1xx_HAL_Driver/Src/stm32f1xx_hal_gpio.o
 .comment       0x00000043       0x44 ./Drivers/STM32F1xx_HAL_Driver/Src/stm32f1xx_hal_i2c.o
 .comment       0x00000043       0x44 ./Drivers/STM32F1xx_HAL_Driver/Src/stm32f1xx_hal_rcc.o
 .comment       0x00000043       0x44 ./Drivers/STM32F1xx_HAL_Driver/Src/stm32f1xx_hal_rcc_ex.o
 .comment       0x00000043       0x44 ./Drivers/STM32F1xx_HAL_Driver/Src/stm32f1xx_hal_tim.o
 .comment       0x00000043       0x44 ./Drivers/STM32F1xx_HAL_Driver/Src/stm32f1xx_hal_tim_ex.o
 .comment       0x00000043       0x44 ./Drivers/STM32F1xx_HAL_Driver/Src/stm32f1xx_hal_uart.o
 .comment       0x00000043       0x44 ./Drivers/STM32F1xx_HAL_Driver/Src/stm32f1xx_ll_adc.o
 .comment       0x00000043       0x44 ./Drivers/STM32F1xx_HAL_Driver/Src/stm32f1xx_ll_gpio.o

.debug_frame    0x00000000     0x2eb8
 .debug_frame   0x00000000       0x38 ./Core/Src/adc.o
 .debug_frame   0x00000038      0x1fc ./Core/Src/lcd.o
 .debug_frame   0x00000234       0xb4 ./Core/Src/lcdMenu.o
 .debug_frame   0x000002e8       0x88 ./Core/Src/main.o
 .debug_frame   0x00000370       0x44 ./Core/Src/out_control.o
 .debug_frame   0x000003b4      0x10c ./Core/Src/stm32f1xx_hal_msp.o
 .debug_frame   0x000004c0      0x150 ./Core/Src/stm32f1xx_it.o
 .debug_frame   0x00000610       0x30 ./Core/Src/system_stm32f1xx.o
 .debug_frame   0x00000640      0x1cc ./Drivers/STM32F1xx_HAL_Driver/Src/stm32f1xx_hal.o
 .debug_frame   0x0000080c      0x118 ./Drivers/STM32F1xx_HAL_Driver/Src/stm32f1xx_hal_cortex.o
 .debug_frame   0x00000924      0x1f0 ./Drivers/STM32F1xx_HAL_Driver/Src/stm32f1xx_hal_dac.o
 .debug_frame   0x00000b14       0xe8 ./Drivers/STM32F1xx_HAL_Driver/Src/stm32f1xx_hal_gpio.o
 .debug_frame   0x00000bfc      0x798 ./Drivers/STM32F1xx_HAL_Driver/Src/stm32f1xx_hal_i2c.o
 .debug_frame   0x00001394      0x170 ./Drivers/STM32F1xx_HAL_Driver/Src/stm32f1xx_hal_rcc.o
 .debug_frame   0x00001504       0x60 ./Drivers/STM32F1xx_HAL_Driver/Src/stm32f1xx_hal_rcc_ex.o
 .debug_frame   0x00001564      0xa74 ./Drivers/STM32F1xx_HAL_Driver/Src/stm32f1xx_hal_tim.o
 .debug_frame   0x00001fd8      0x41c ./Drivers/STM32F1xx_HAL_Driver/Src/stm32f1xx_hal_tim_ex.o
 .debug_frame   0x000023f4      0x5b4 ./Drivers/STM32F1xx_HAL_Driver/Src/stm32f1xx_hal_uart.o
 .debug_frame   0x000029a8       0xb0 ./Drivers/STM32F1xx_HAL_Driver/Src/stm32f1xx_ll_adc.o
 .debug_frame   0x00002a58       0x64 ./Drivers/STM32F1xx_HAL_Driver/Src/stm32f1xx_ll_gpio.o
 .debug_frame   0x00002abc      0x144 C:/ST/STM32CubeIDE_1.15.1/STM32CubeIDE/plugins/com.st.stm32cube.ide.mcu.externaltools.gnu-tools-for-stm32.13.3.rel1.win32_1.0.0.202411081344/tools/bin/../lib/gcc/arm-none-eabi/13.3.1/../../../../arm-none-eabi/lib/thumb/v7-m/nofp\libc_nano.a(libc_a-findfp.o)
 .debug_frame   0x00002c00       0x20 C:/ST/STM32CubeIDE_1.15.1/STM32CubeIDE/plugins/com.st.stm32cube.ide.mcu.externaltools.gnu-tools-for-stm32.13.3.rel1.win32_1.0.0.202411081344/tools/bin/../lib/gcc/arm-none-eabi/13.3.1/../../../../arm-none-eabi/lib/thumb/v7-m/nofp\libc_nano.a(libc_a-errno.o)
 .debug_frame   0x00002c20       0x2c C:/ST/STM32CubeIDE_1.15.1/STM32CubeIDE/plugins/com.st.stm32cube.ide.mcu.externaltools.gnu-tools-for-stm32.13.3.rel1.win32_1.0.0.202411081344/tools/bin/../lib/gcc/arm-none-eabi/13.3.1/../../../../arm-none-eabi/lib/thumb/v7-m/nofp\libc_nano.a(libc_a-init.o)
 .debug_frame   0x00002c4c       0x30 C:/ST/STM32CubeIDE_1.15.1/STM32CubeIDE/plugins/com.st.stm32cube.ide.mcu.externaltools.gnu-tools-for-stm32.13.3.rel1.win32_1.0.0.202411081344/tools/bin/../lib/gcc/arm-none-eabi/13.3.1/../../../../arm-none-eabi/lib/thumb/v7-m/nofp\libm.a(libm_a-w_sqrt.o)
 .debug_frame   0x00002c7c       0x38 C:/ST/STM32CubeIDE_1.15.1/STM32CubeIDE/plugins/com.st.stm32cube.ide.mcu.externaltools.gnu-tools-for-stm32.13.3.rel1.win32_1.0.0.202411081344/tools/bin/../lib/gcc/arm-none-eabi/13.3.1/../../../../arm-none-eabi/lib/thumb/v7-m/nofp\libm.a(libm_a-e_sqrt.o)
 .debug_frame   0x00002cb4       0xac C:/ST/STM32CubeIDE_1.15.1/STM32CubeIDE/plugins/com.st.stm32cube.ide.mcu.externaltools.gnu-tools-for-stm32.13.3.rel1.win32_1.0.0.202411081344/tools/bin/../lib/gcc/arm-none-eabi/13.3.1/thumb/v7-m/nofp\libgcc.a(_arm_addsubdf3.o)
 .debug_frame   0x00002d60       0x50 C:/ST/STM32CubeIDE_1.15.1/STM32CubeIDE/plugins/com.st.stm32cube.ide.mcu.externaltools.gnu-tools-for-stm32.13.3.rel1.win32_1.0.0.202411081344/tools/bin/../lib/gcc/arm-none-eabi/13.3.1/thumb/v7-m/nofp\libgcc.a(_arm_muldivdf3.o)
 .debug_frame   0x00002db0       0xc4 C:/ST/STM32CubeIDE_1.15.1/STM32CubeIDE/plugins/com.st.stm32cube.ide.mcu.externaltools.gnu-tools-for-stm32.13.3.rel1.win32_1.0.0.202411081344/tools/bin/../lib/gcc/arm-none-eabi/13.3.1/thumb/v7-m/nofp\libgcc.a(_arm_cmpdf2.o)
 .debug_frame   0x00002e74       0x20 C:/ST/STM32CubeIDE_1.15.1/STM32CubeIDE/plugins/com.st.stm32cube.ide.mcu.externaltools.gnu-tools-for-stm32.13.3.rel1.win32_1.0.0.202411081344/tools/bin/../lib/gcc/arm-none-eabi/13.3.1/thumb/v7-m/nofp\libgcc.a(_arm_unorddf2.o)
 .debug_frame   0x00002e94       0x24 C:/ST/STM32CubeIDE_1.15.1/STM32CubeIDE/plugins/com.st.stm32cube.ide.mcu.externaltools.gnu-tools-for-stm32.13.3.rel1.win32_1.0.0.202411081344/tools/bin/../lib/gcc/arm-none-eabi/13.3.1/thumb/v7-m/nofp\libgcc.a(_arm_fixunsdfsi.o)

.debug_line_str
                0x00000000       0x66
 .debug_line_str
                0x00000000       0x66 ./Core/Startup/startup_stm32f100c6tx.o
