../Drivers/STM32F1xx_HAL_Driver/Inc/stm32f1xx_ll_adc.h:1814:22:LL_ADC_REG_SetTriggerSource	16	static
../Drivers/STM32F1xx_HAL_Driver/Inc/stm32f1xx_ll_adc.h:1939:22:LL_ADC_REG_SetSequencerLength	16	static
../Drivers/STM32F1xx_HAL_Driver/Inc/stm32f1xx_ll_adc.h:2375:22:LL_ADC_INJ_SetTriggerSource	16	static
../Drivers/STM32F1xx_HAL_Driver/Inc/stm32f1xx_ll_adc.h:2465:22:LL_ADC_INJ_SetSequencerLength	16	static
../Drivers/STM32F1xx_HAL_Driver/Inc/stm32f1xx_ll_adc.h:3255:22:LL_ADC_Disable	16	static
../Drivers/STM32F1xx_HAL_Driver/Inc/stm32f1xx_ll_adc.h:3266:26:LL_ADC_IsEnabled	16	static
../Drivers/STM32F1xx_HAL_Driver/Inc/stm32f1xx_ll_bus.h:928:22:LL_APB2_GRP1_ForceReset	16	static
../Drivers/STM32F1xx_HAL_Driver/Inc/stm32f1xx_ll_bus.h:983:22:LL_APB2_GRP1_ReleaseReset	16	static
../Drivers/STM32F1xx_HAL_Driver/Src/stm32f1xx_ll_adc.c:279:13:LL_ADC_CommonDeInit	16	static
../Drivers/STM32F1xx_HAL_Driver/Src/stm32f1xx_ll_adc.c:308:13:LL_ADC_CommonInit	24	static
../Drivers/STM32F1xx_HAL_Driver/Src/stm32f1xx_ll_adc.c:366:6:LL_ADC_CommonStructInit	16	static
../Drivers/STM32F1xx_HAL_Driver/Src/stm32f1xx_ll_adc.c:388:13:LL_ADC_DeInit	24	static
../Drivers/STM32F1xx_HAL_Driver/Src/stm32f1xx_ll_adc.c:555:13:LL_ADC_Init	24	static
../Drivers/STM32F1xx_HAL_Driver/Src/stm32f1xx_ll_adc.c:599:6:LL_ADC_StructInit	16	static
../Drivers/STM32F1xx_HAL_Driver/Src/stm32f1xx_ll_adc.c:645:13:LL_ADC_REG_Init	24	static
../Drivers/STM32F1xx_HAL_Driver/Src/stm32f1xx_ll_adc.c:738:6:LL_ADC_REG_StructInit	16	static
../Drivers/STM32F1xx_HAL_Driver/Src/stm32f1xx_ll_adc.c:784:13:LL_ADC_INJ_Init	24	static
../Drivers/STM32F1xx_HAL_Driver/Src/stm32f1xx_ll_adc.c:865:6:LL_ADC_INJ_StructInit	16	static
