../Core/Src/lcd.c:20:13:lcd_delay_us	24	static,ignoring_inline_asm
../Core/Src/lcd.c:40:13:lcd_write4	16	static
../Core/Src/lcd.c:50:13:lcd_send	8	static
../Core/Src/lcd.c:58:6:LCD_Backlight	8	static
../Core/Src/lcd.c:63:6:LCD_Init	8	static
../Core/Src/lcd.c:94:6:LCD_Clear	8	static
../Core/Src/lcd.c:100:6:LCD_Home	8	static
../Core/Src/lcd.c:106:6:LCD_SetCursor	8	static
../Core/Src/lcd.c:114:6:LCD_WriteChar	8	static
../Core/Src/lcd.c:119:6:LCD_Print	8	static
../Core/Src/lcd.c:127:6:LCD_PrintN	16	static
../Core/Src/lcd.c:135:6:LCD_DisplayOn	8	static
../Core/Src/lcd.c:140:6:LCD_DisplayOff	8	static
../Core/Src/lcd.c:145:6:LCD_PrintUInt8	16	static
../Core/Src/lcd.c:165:6:LCD_PrintUInt16	16	static
../Core/Src/lcd.c:192:6:LCD_PrintInt16	8	static
../Core/Src/lcd.c:201:6:LCD_PrintUInt16_1dp	16	static
../Core/Src/lcd.c:214:6:LCD_PrintUInt8_2d	16	static
