../Core/Src/lcd.c:29:13:lcd_delay_us	24	static,ignoring_inline_asm
../Core/Src/lcd.c:55:13:lcd_write4	16	static
../Core/Src/lcd.c:69:13:lcd_send	8	static
../Core/Src/lcd.c:79:6:LCD_Backlight	8	static
../Core/Src/lcd.c:87:6:LCD_Init	8	static
../Core/Src/lcd.c:120:6:LCD_Clear	8	static
../Core/Src/lcd.c:128:6:LCD_Home	8	static
../Core/Src/lcd.c:138:6:LCD_SetCursor	8	static
../Core/Src/lcd.c:149:6:LCD_WriteChar	8	static
../Core/Src/lcd.c:157:6:LCD_Print	8	static
../Core/Src/lcd.c:169:6:LCD_PrintN	16	static
../Core/Src/lcd.c:179:6:LCD_DisplayOn	8	static
../Core/Src/lcd.c:186:6:LCD_DisplayOff	8	static
../Core/Src/lcd.c:194:6:LCD_PrintUInt8	16	static
../Core/Src/lcd.c:217:6:LCD_PrintUInt16	16	static
../Core/Src/lcd.c:247:6:LCD_PrintInt16	8	static
../Core/Src/lcd.c:260:6:LCD_PrintUInt16_1dp	16	static
../Core/Src/lcd.c:270:6:LCD_PrintQ15	8	static
../Core/Src/lcd.c:278:6:LCD_PrintUInt8_2d	16	static
