../Drivers/CMSIS/Include/core_cm3.h:1499:26:__NVIC_GetPriorityGrouping	1
../Drivers/CMSIS/Include/core_cm3.h:1511:22:__NVIC_EnableIRQ	2
../Drivers/CMSIS/Include/core_cm3.h:1639:22:__NVIC_SetPriority	2
../Drivers/CMSIS/Include/core_cm3.h:1686:26:NVIC_EncodePriority	2
../Drivers/STM32F1xx_HAL_Driver/Inc/stm32f1xx_ll_adc.h:2130:22:LL_ADC_REG_SetSequencerRanks	1
../Drivers/STM32F1xx_HAL_Driver/Inc/stm32f1xx_ll_adc.h:2836:22:LL_ADC_SetChannelSamplingTime	1
../Drivers/STM32F1xx_HAL_Driver/Inc/stm32f1xx_ll_dma.h:552:22:LL_DMA_SetDataTransferDirection	1
../Drivers/STM32F1xx_HAL_Driver/Inc/stm32f1xx_ll_dma.h:601:22:LL_DMA_SetMode	1
../Drivers/STM32F1xx_HAL_Driver/Inc/stm32f1xx_ll_dma.h:646:22:LL_DMA_SetPeriphIncMode	1
../Drivers/STM32F1xx_HAL_Driver/Inc/stm32f1xx_ll_dma.h:691:22:LL_DMA_SetMemoryIncMode	1
../Drivers/STM32F1xx_HAL_Driver/Inc/stm32f1xx_ll_dma.h:737:22:LL_DMA_SetPeriphSize	1
../Drivers/STM32F1xx_HAL_Driver/Inc/stm32f1xx_ll_dma.h:784:22:LL_DMA_SetMemorySize	1
../Drivers/STM32F1xx_HAL_Driver/Inc/stm32f1xx_ll_dma.h:832:22:LL_DMA_SetChannelPriorityLevel	1
../Drivers/STM32F1xx_HAL_Driver/Inc/stm32f1xx_ll_bus.h:267:22:LL_AHB1_GRP1_EnableClock	1
../Drivers/STM32F1xx_HAL_Driver/Inc/stm32f1xx_ll_bus.h:761:22:LL_APB2_GRP1_EnableClock	1
../Core/Src/main.c:77:5:main	1
../Core/Src/main.c:153:6:SystemClock_Config	4
../Core/Src/main.c:203:13:MX_ADC1_Init	1
../Core/Src/main.c:316:13:MX_DAC_Init	4
../Core/Src/main.c:363:13:MX_I2C1_Init	2
../Core/Src/main.c:397:13:MX_USART1_UART_Init	2
../Core/Src/main.c:428:13:MX_DMA_Init	1
../Core/Src/main.c:447:13:MX_GPIO_Init	1
../Core/Src/main.c:532:6:Error_Handler	1
