../Core/Src/stm32f1xx_it.c:73:6:NMI_Handler	8	static
../Core/Src/stm32f1xx_it.c:89:6:HardFault_Handler	0	static
../Core/Src/stm32f1xx_it.c:104:6:MemManage_Handler	0	static
../Core/Src/stm32f1xx_it.c:119:6:BusFault_Handler	0	static
../Core/Src/stm32f1xx_it.c:134:6:UsageFault_Handler	0	static
../Core/Src/stm32f1xx_it.c:149:6:SVC_Handler	0	static
../Core/Src/stm32f1xx_it.c:162:6:DebugMon_Handler	0	static
../Core/Src/stm32f1xx_it.c:175:6:PendSV_Handler	0	static
../Core/Src/stm32f1xx_it.c:188:6:SysTick_Handler	8	static
../Core/Src/stm32f1xx_it.c:209:6:RCC_IRQHandler	0	static
../Core/Src/stm32f1xx_it.c:222:6:EXTI2_IRQHandler	8	static
../Core/Src/stm32f1xx_it.c:251:6:DMA1_Channel1_IRQHandler	20	static
../Core/Src/stm32f1xx_it.c:320:6:ADC1_IRQHandler	0	static
../Core/Src/stm32f1xx_it.c:333:6:TIM2_IRQHandler	8	static
../Core/Src/stm32f1xx_it.c:347:6:TIM3_IRQHandler	8	static
../Core/Src/stm32f1xx_it.c:361:6:EXTI15_10_IRQHandler	8	static
../Core/Src/stm32f1xx_it.c:391:6:TIM7_IRQHandler	8	static
