../Core/Src/stm32f1xx_it.c:72:6:NMI_Handler	8	static
../Core/Src/stm32f1xx_it.c:88:6:HardFault_Handler	0	static
../Core/Src/stm32f1xx_it.c:103:6:MemManage_Handler	0	static
../Core/Src/stm32f1xx_it.c:118:6:BusFault_Handler	0	static
../Core/Src/stm32f1xx_it.c:133:6:UsageFault_Handler	0	static
../Core/Src/stm32f1xx_it.c:148:6:SVC_Handler	0	static
../Core/Src/stm32f1xx_it.c:161:6:DebugMon_Handler	0	static
../Core/Src/stm32f1xx_it.c:174:6:PendSV_Handler	0	static
../Core/Src/stm32f1xx_it.c:187:6:SysTick_Handler	8	static
../Core/Src/stm32f1xx_it.c:208:6:RCC_IRQHandler	0	static
../Core/Src/stm32f1xx_it.c:221:6:EXTI2_IRQHandler	8	static
../Core/Src/stm32f1xx_it.c:250:6:DMA1_Channel1_IRQHandler	20	static
../Core/Src/stm32f1xx_it.c:319:6:ADC1_IRQHandler	0	static
../Core/Src/stm32f1xx_it.c:332:6:TIM3_IRQHandler	8	static
../Core/Src/stm32f1xx_it.c:346:6:EXTI15_10_IRQHandler	8	static
../Core/Src/stm32f1xx_it.c:376:6:TIM7_IRQHandler	8	static
